
AVRASM ver. 1.52  Prog9.asm Sun Feb 19 23:13:16 2006


         ;CodeVisionAVR C Compiler V1.24.4 Standard
         ;(C) Copyright 1998-2004 Pavel Haiduc, HP InfoTech s.r.l.
         ;http://www.hpinfotech.com
         ;e-mail:office@hpinfotech.com
         
         ;Chip type           : ATtiny2313
         ;Clock frequency     : 4,000000 MHz
         ;Memory model        : Tiny
         ;Optimize for        : Size
         ;(s)printf features  : int, width
         ;(s)scanf features   : int, width
         ;External SRAM size  : 0
         ;Data Stack size     : 32 byte(s)
         ;Heap size           : 0 byte(s)
         ;Promote char to int : No
         ;char is unsigned    : Yes
         ;8 bit enums         : Yes
         ;Enhanced core instructions    : On
         ;Automatic register allocation : On
         
          	.EQU UDRE=0x5
          	.EQU RXC=0x7
          	.EQU USR=0xB
          	.EQU UDR=0xC
          	.EQU EERE=0x0
          	.EQU EEWE=0x1
          	.EQU EEMWE=0x2
          	.EQU EECR=0x1C
          	.EQU EEDR=0x1D
          	.EQU EEARL=0x1E
          	.EQU WDTCR=0x21
          	.EQU MCUSR=0x34
          	.EQU MCUCR=0x35
          	.EQU SPL=0x3D
          	.EQU SREG=0x3F
          	.EQU GPIOR0=0x13
          	.EQU GPIOR1=0x14
          	.EQU GPIOR2=0x15
         
          	.DEF R0X0=R0
          	.DEF R0X1=R1
          	.DEF R0X2=R2
          	.DEF R0X3=R3
          	.DEF R0X4=R4
          	.DEF R0X5=R5
          	.DEF R0X6=R6
          	.DEF R0X7=R7
          	.DEF R0X8=R8
          	.DEF R0X9=R9
          	.DEF R0XA=R10
          	.DEF R0XB=R11
          	.DEF R0XC=R12
          	.DEF R0XD=R13
          	.DEF R0XE=R14
          	.DEF R0XF=R15
          	.DEF R0X10=R16
          	.DEF R0X11=R17
          	.DEF R0X12=R18
          	.DEF R0X13=R19
          	.DEF R0X14=R20
          	.DEF R0X15=R21
          	.DEF R0X16=R22
          	.DEF R0X17=R23
          	.DEF R0X18=R24
          	.DEF R0X19=R25
          	.DEF R0X1A=R26
          	.DEF R0X1B=R27
          	.DEF R0X1C=R28
          	.DEF R0X1D=R29
          	.DEF R0X1E=R30
          	.DEF R0X1F=R31
         
          	.EQU __se_bit=0x20
          	.EQU __sm_mask=0x50
          	.EQU __sm_powerdown=0x10
          	.EQU __sm_standby=0x40
         
          	.MACRO __CPD1N
          	CPI  R30,LOW(@0)
          	LDI  R26,HIGH(@0)
          	CPC  R31,R26
          	LDI  R26,BYTE3(@0)
          	CPC  R22,R26
          	LDI  R26,BYTE4(@0)
          	CPC  R23,R26
          	.ENDM
         
          	.MACRO __CPD2N
          	CPI  R26,LOW(@0)
          	LDI  R30,HIGH(@0)
          	CPC  R27,R30
          	LDI  R30,BYTE3(@0)
          	CPC  R24,R30
          	LDI  R30,BYTE4(@0)
          	CPC  R25,R30
          	.ENDM
         
          	.MACRO __CPWRR
          	CP   R@0,R@2
          	CPC  R@1,R@3
          	.ENDM
         
          	.MACRO __CPWRN
          	CPI  R@0,LOW(@2)
          	LDI  R30,HIGH(@2)
          	CPC  R@1,R30
          	.ENDM
         
          	.MACRO __ADDD1N
          	SUBI R30,LOW(-@0)
          	SBCI R31,HIGH(-@0)
          	SBCI R22,BYTE3(-@0)
          	SBCI R23,BYTE4(-@0)
          	.ENDM
         
          	.MACRO __ADDD2N
          	SUBI R26,LOW(-@0)
          	SBCI R27,HIGH(-@0)
          	SBCI R24,BYTE3(-@0)
          	SBCI R25,BYTE4(-@0)
          	.ENDM
         
          	.MACRO __SUBD1N
          	SUBI R30,LOW(@0)
          	SBCI R31,HIGH(@0)
          	SBCI R22,BYTE3(@0)
          	SBCI R23,BYTE4(@0)
          	.ENDM
         
          	.MACRO __SUBD2N
          	SUBI R26,LOW(@0)
          	SBCI R27,HIGH(@0)
          	SBCI R24,BYTE3(@0)
          	SBCI R25,BYTE4(@0)
          	.ENDM
         
          	.MACRO __ANDD1N
          	ANDI R30,LOW(@0)
          	ANDI R31,HIGH(@0)
          	ANDI R22,BYTE3(@0)
          	ANDI R23,BYTE4(@0)
          	.ENDM
         
          	.MACRO __ORD1N
          	ORI  R30,LOW(@0)
          	ORI  R31,HIGH(@0)
          	ORI  R22,BYTE3(@0)
          	ORI  R23,BYTE4(@0)
          	.ENDM
         
          	.MACRO __DELAY_USB
          	LDI  R24,LOW(@0)
          __DELAY_USB_LOOP:
          	DEC  R24
          	BRNE __DELAY_USB_LOOP
          	.ENDM
         
          	.MACRO __DELAY_USW
          	LDI  R24,LOW(@0)
          	LDI  R25,HIGH(@0)
          __DELAY_USW_LOOP:
          	SBIW R24,1
          	BRNE __DELAY_USW_LOOP
          	.ENDM
         
          	.MACRO __CLRD1S
          	LDI  R30,0
          	STD  Y+@0,R30
          	STD  Y+@0+1,R30
          	STD  Y+@0+2,R30
          	STD  Y+@0+3,R30
          	.ENDM
         
          	.MACRO __GETD1S
          	LDD  R30,Y+@0
          	LDD  R31,Y+@0+1
          	LDD  R22,Y+@0+2
          	LDD  R23,Y+@0+3
          	.ENDM
         
          	.MACRO __PUTD1S
          	STD  Y+@0,R30
          	STD  Y+@0+1,R31
          	STD  Y+@0+2,R22
          	STD  Y+@0+3,R23
          	.ENDM
         
          	.MACRO __POINTB1MN
          	LDI  R30,LOW(@0+@1)
          	.ENDM
         
          	.MACRO __POINTW1MN
          	LDI  R30,LOW(@0+@1)
          	LDI  R31,HIGH(@0+@1)
          	.ENDM
         
          	.MACRO __POINTW1FN
          	LDI  R30,LOW(2*@0+@1)
          	LDI  R31,HIGH(2*@0+@1)
          	.ENDM
         
          	.MACRO __POINTB2MN
          	LDI  R26,LOW(@0+@1)
          	.ENDM
         
          	.MACRO __POINTW2MN
          	LDI  R26,LOW(@0+@1)
          	LDI  R27,HIGH(@0+@1)
          	.ENDM
         
          	.MACRO __POINTBRM
          	LDI  R@0,LOW(@1)
          	.ENDM
         
          	.MACRO __POINTWRM
          	LDI  R@0,LOW(@2)
          	LDI  R@1,HIGH(@2)
          	.ENDM
         
          	.MACRO __POINTBRMN
          	LDI  R@0,LOW(@1+@2)
          	.ENDM
         
          	.MACRO __POINTWRMN
          	LDI  R@0,LOW(@2+@3)
          	LDI  R@1,HIGH(@2+@3)
          	.ENDM
         
          	.MACRO __GETD1N
          	LDI  R30,LOW(@0)
          	LDI  R31,HIGH(@0)
          	LDI  R22,BYTE3(@0)
          	LDI  R23,BYTE4(@0)
          	.ENDM
         
          	.MACRO __GETD2N
          	LDI  R26,LOW(@0)
          	LDI  R27,HIGH(@0)
          	LDI  R24,BYTE3(@0)
          	LDI  R25,BYTE4(@0)
          	.ENDM
         
          	.MACRO __GETD2S
          	LDD  R26,Y+@0
          	LDD  R27,Y+@0+1
          	LDD  R24,Y+@0+2
          	LDD  R25,Y+@0+3
          	.ENDM
         
          	.MACRO __GETB1MN
          	LDS  R30,@0+@1
          	.ENDM
         
          	.MACRO __GETW1MN
          	LDS  R30,@0+@1
          	LDS  R31,@0+@1+1
          	.ENDM
         
          	.MACRO __GETD1MN
          	LDS  R30,@0+@1
          	LDS  R31,@0+@1+1
          	LDS  R22,@0+@1+2
          	LDS  R23,@0+@1+3
          	.ENDM
         
          	.MACRO __GETBRMN
          	LDS  R@2,@0+@1
          	.ENDM
         
          	.MACRO __GETWRMN
          	LDS  R@2,@0+@1
          	LDS  R@3,@0+@1+1
          	.ENDM
         
          	.MACRO __GETWRZ
          	LDD  R@0,Z+@2
          	LDD  R@1,Z+@2+1
          	.ENDM
         
          	.MACRO __GETB2MN
          	LDS  R26,@0+@1
          	.ENDM
         
          	.MACRO __GETW2MN
          	LDS  R26,@0+@1
          	LDS  R27,@0+@1+1
          	.ENDM
         
          	.MACRO __GETD2MN
          	LDS  R26,@0+@1
          	LDS  R27,@0+@1+1
          	LDS  R24,@0+@1+2
          	LDS  R25,@0+@1+3
          	.ENDM
         
          	.MACRO __PUTB1MN
          	STS  @0+@1,R30
          	.ENDM
         
          	.MACRO __PUTW1MN
          	STS  @0+@1,R30
          	STS  @0+@1+1,R31
          	.ENDM
         
          	.MACRO __PUTD1MN
          	STS  @0+@1,R30
          	STS  @0+@1+1,R31
          	STS  @0+@1+2,R22
          	STS  @0+@1+3,R23
          	.ENDM
         
          	.MACRO __PUTDZ2
          	STD  Z+@0,R26
          	STD  Z+@0+1,R27
          	STD  Z+@0+2,R24
          	STD  Z+@0+3,R25
          	.ENDM
         
          	.MACRO __PUTBMRN
          	STS  @0+@1,R@2
          	.ENDM
         
          	.MACRO __PUTWMRN
          	STS  @0+@1,R@2
          	STS  @0+@1+1,R@3
          	.ENDM
         
          	.MACRO __PUTBZR
          	STD  Z+@1,R@0
          	.ENDM
         
          	.MACRO __PUTWZR
          	STD  Z+@2,R@0
          	STD  Z+@2+1,R@1
          	.ENDM
         
          	.MACRO __GETW1R
          	MOV  R30,R@0
          	MOV  R31,R@1
          	.ENDM
         
          	.MACRO __GETW2R
          	MOV  R26,R@0
          	MOV  R27,R@1
          	.ENDM
         
          	.MACRO __GETWRN
          	LDI  R@0,LOW(@2)
          	LDI  R@1,HIGH(@2)
          	.ENDM
         
          	.MACRO __PUTW1R
          	MOV  R@0,R30
          	MOV  R@1,R31
          	.ENDM
         
          	.MACRO __PUTW2R
          	MOV  R@0,R26
          	MOV  R@1,R27
          	.ENDM
         
          	.MACRO __ADDWRN
          	SUBI R@0,LOW(-@2)
          	SBCI R@1,HIGH(-@2)
          	.ENDM
         
          	.MACRO __ADDWRR
          	ADD  R@0,R@2
          	ADC  R@1,R@3
          	.ENDM
         
          	.MACRO __SUBWRN
          	SUBI R@0,LOW(@2)
          	SBCI R@1,HIGH(@2)
          	.ENDM
         
          	.MACRO __SUBWRR
          	SUB  R@0,R@2
          	SBC  R@1,R@3
          	.ENDM
         
          	.MACRO __ANDWRN
          	ANDI R@0,LOW(@2)
          	ANDI R@1,HIGH(@2)
          	.ENDM
         
          	.MACRO __ANDWRR
          	AND  R@0,R@2
          	AND  R@1,R@3
          	.ENDM
         
          	.MACRO __ORWRN
          	ORI  R@0,LOW(@2)
          	ORI  R@1,HIGH(@2)
          	.ENDM
         
          	.MACRO __ORWRR
          	OR   R@0,R@2
          	OR   R@1,R@3
          	.ENDM
         
          	.MACRO __EORWRR
          	EOR  R@0,R@2
          	EOR  R@1,R@3
          	.ENDM
         
          	.MACRO __GETWRS
          	LDD  R@0,Y+@2
          	LDD  R@1,Y+@2+1
          	.ENDM
         
          	.MACRO __PUTWSR
          	STD  Y+@2,R@0
          	STD  Y+@2+1,R@1
          	.ENDM
         
          	.MACRO __MOVEWRR
          	MOV  R@0,R@2
          	MOV  R@1,R@3
          	.ENDM
         
          	.MACRO __INWR
          	IN   R@0,@2
          	IN   R@1,@2+1
          	.ENDM
         
          	.MACRO __OUTWR
          	OUT  @2+1,R@1
          	OUT  @2,R@0
          	.ENDM
         
          	.MACRO __CALL1MN
          	LDS  R30,@0+@1
          	LDS  R31,@0+@1+1
          	ICALL
          	.ENDM
         
         
          	.MACRO __CALL1FN
          	LDI  R30,LOW(2*@0+@1)
          	LDI  R31,HIGH(2*@0+@1)
          	RCALL __GETW1PF
          	ICALL
          	.ENDM
         
         
          	.MACRO __CALL2EN
          	LDI  R26,LOW(@0+@1)
          	LDI  R27,HIGH(@0+@1)
          	RCALL __EEPROMRDW
          	ICALL
          	.ENDM
         
         
          	.MACRO __GETW1STACK
          	IN   R26,SPL
          	IN   R27,SPH
          	ADIW R26,@0+1
          	LD   R30,X+
          	LD   R31,X
          	.ENDM
         
          	.MACRO __NBST
          	BST  R@0,@1
          	IN   R30,SREG
          	LDI  R31,0x40
          	EOR  R30,R31
          	OUT  SREG,R30
          	.ENDM
         
         
          	.MACRO __PUTB1SN
          	LDD  R26,Y+@0
          	SUBI R26,-@1
          	ST   X,R30
          	.ENDM
         
          	.MACRO __PUTW1SN
          	LDD  R26,Y+@0
          	SUBI R26,-@1
          	ST   X+,R30
          	ST   X,R31
          	.ENDM
         
          	.MACRO __PUTD1SN
          	LDD  R26,Y+@0
          	SUBI R26,-@1
          	RCALL __PUTDP1
          	.ENDM
         
          	.MACRO __PUTB1SNS
          	LDD  R26,Y+@0
          	SUBI R26,-@1
          	ST   X,R30
          	.ENDM
         
          	.MACRO __PUTW1SNS
          	LDD  R26,Y+@0
          	SUBI R26,-@1
          	ST   X+,R30
          	ST   X,R31
          	.ENDM
         
          	.MACRO __PUTD1SNS
          	LDD  R26,Y+@0
          	SUBI R26,-@1
          	RCALL __PUTDP1
          	.ENDM
         
          	.MACRO __PUTB1RN
          	MOV  R26,R@0
          	SUBI R26,-@1
          	ST   X,R30
          	.ENDM
         
          	.MACRO __PUTW1RN
          	MOV  R26,R@0
          	SUBI R26,-@1
          	ST   X+,R30
          	ST   X,R31
          	.ENDM
         
          	.MACRO __PUTD1RN
          	MOV  R26,R@0
          	SUBI R26,-@1
          	RCALL __PUTDP1
          	.ENDM
         
          	.MACRO __PUTB1RNS
          	MOV  R26,R@0
          	SUBI R26,-@1
          	ST   X,R30
          	.ENDM
         
          	.MACRO __PUTW1RNS
          	MOV  R26,R@0
          	SUBI R26,-@1
          	ST   X+,R30
          	ST   X,R31
          	.ENDM
         
          	.MACRO __PUTD1RNS
          	MOV  R26,R@0
          	SUBI R26,-@1
          	RCALL __PUTDP1
          	.ENDM
         
          	.MACRO __PUTB1PMN
          	LDS  R26,@0
          	SUBI R26,-@1
          	ST   X,R30
          	.ENDM
         
          	.MACRO __PUTW1PMN
          	LDS  R26,@0
          	SUBI R26,-@1
          	ST   X+,R30
          	ST   X,R31
          	.ENDM
         
          	.MACRO __PUTD1PMN
          	LDS  R26,@0
          	SUBI R26,-@1
          	RCALL __PUTDP1
          	.ENDM
         
          	.MACRO __PUTB1PMNS
          	LDS  R26,@0
          	SUBI R26,-@1
          	ST   X,R30
          	.ENDM
         
          	.MACRO __PUTW1PMNS
          	LDS  R26,@0
          	SUBI R26,-@1
          	ST   X+,R30
          	ST   X,R31
          	.ENDM
         
          	.MACRO __PUTD1PMNS
          	LDS  R26,@0
          	SUBI R26,-@1
          	RCALL __PUTDP1
          	.ENDM
         
          	.MACRO __GETB1SX
          	MOVW R30,R28
          	SUBI R30,LOW(-@0)
          	SBCI R31,HIGH(-@0)
          	LD   R30,Z
          	.ENDM
         
          	.MACRO __GETW1SX
          	MOVW R30,R28
          	SUBI R30,LOW(-@0)
          	SBCI R31,HIGH(-@0)
          	LD   R0,Z+
          	LD   R31,Z
          	MOV  R30,R0
          	.ENDM
         
          	.MACRO __GETD1SX
          	MOVW R30,R28
          	SUBI R30,LOW(-@0)
          	SBCI R31,HIGH(-@0)
          	LD   R0,Z+
          	LD   R1,Z+
          	LD   R22,Z+
          	LD   R23,Z
          	MOVW R30,R0
          	.ENDM
         
          	.MACRO __GETB2SX
          	MOVW R26,R28
          	SUBI R26,LOW(-@0)
          	SBCI R27,HIGH(-@0)
          	LD   R26,X
          	.ENDM
         
          	.MACRO __GETW2SX
          	MOVW R26,R28
          	SUBI R26,LOW(-@0)
          	SBCI R27,HIGH(-@0)
          	LD   R0,X+
          	LD   R27,X
          	MOV  R26,R0
          	.ENDM
         
          	.MACRO __GETD2SX
          	MOVW R26,R28
          	SUBI R26,LOW(-@0)
          	SBCI R27,HIGH(-@0)
          	LD   R0,X+
          	LD   R1,X+
          	LD   R24,X+
          	LD   R25,X
          	MOVW R26,R0
          	.ENDM
         
          	.MACRO __GETBRSX
          	MOVW R30,R28
          	SUBI R30,LOW(-@1)
          	SBCI R31,HIGH(-@1)
          	LD   R@0,Z
          	.ENDM
         
          	.MACRO __GETWRSX
          	MOVW R30,R28
          	SUBI R30,LOW(-@2)
          	SBCI R31,HIGH(-@2)
          	LD   R@0,Z+
          	LD   R@1,Z
          	.ENDM
         
          	.MACRO __LSLW8SX
          	MOVW R30,R28
          	SUBI R30,LOW(-@0)
          	SBCI R31,HIGH(-@0)
          	LD   R31,Z
          	CLR  R30
          	.ENDM
         
          	.MACRO __PUTB1SX
          	MOVW R26,R28
          	SUBI R26,LOW(-@0)
          	SBCI R27,HIGH(-@0)
          	ST   X,R30
          	.ENDM
         
          	.MACRO __PUTW1SX
          	MOVW R26,R28
          	SUBI R26,LOW(-@0)
          	SBCI R27,HIGH(-@0)
          	ST   X+,R30
          	ST   X,R31
          	.ENDM
         
          	.MACRO __PUTD1SX
          	MOVW R26,R28
          	SUBI R26,LOW(-@0)
          	SBCI R27,HIGH(-@0)
          	ST   X+,R30
          	ST   X+,R31
          	ST   X+,R22
          	ST   X,R23
          	.ENDM
         
          	.MACRO __CLRW1SX
          	MOVW R30,R28
          	SUBI R30,LOW(-@0)
          	SBCI R31,HIGH(-@0)
          	CLR  R0
          	ST   Z+,R0
          	ST   Z,R0
          	.ENDM
         
          	.MACRO __CLRD1SX
          	MOVW R30,R28
          	SUBI R30,LOW(-@0)
          	SBCI R31,HIGH(-@0)
          	CLR  R0
          	ST   Z+,R0
          	ST   Z+,R0
          	ST   Z+,R0
          	ST   Z,R0
          	.ENDM
         
          	.MACRO __PUTB2SX
          	MOVW R30,R28
          	SUBI R30,LOW(-@0)
          	SBCI R31,HIGH(-@0)
          	ST   Z,R26
          	.ENDM
         
          	.MACRO __PUTW2SX
          	MOVW R30,R28
          	SUBI R30,LOW(-@0)
          	SBCI R31,HIGH(-@0)
          	ST   Z+,R26
          	ST   Z,R27
          	.ENDM
         
          	.MACRO __PUTBSRX
          	MOVW R30,R28
          	SUBI R30,LOW(-@0)
          	SBCI R31,HIGH(-@0)
          	ST   Z,R@1
          	.ENDM
         
          	.MACRO __PUTWSRX
          	MOVW R30,R28
          	SUBI R30,LOW(-@2)
          	SBCI R31,HIGH(-@2)
          	ST   Z+,R@0
          	ST   Z,R@1
          	.ENDM
         
          	.MACRO __PUTB1SNX
          	MOVW R26,R28
          	SUBI R26,LOW(-@0)
          	SBCI R27,HIGH(-@0)
          	LD   R0,X+
          	LD   R27,X
          	MOV  R26,R0
          	SUBI R26,LOW(-@1)
          	SBCI R27,HIGH(-@1)
          	ST   X,R30
          	.ENDM
         
          	.MACRO __PUTW1SNX
          	MOVW R26,R28
          	SUBI R26,LOW(-@0)
          	SBCI R27,HIGH(-@0)
          	LD   R0,X+
          	LD   R27,X
          	MOV  R26,R0
          	SUBI R26,LOW(-@1)
          	SBCI R27,HIGH(-@1)
          	ST   X+,R30
          	ST   X,R31
          	.ENDM
         
          	.MACRO __PUTD1SNX
          	MOVW R26,R28
          	SUBI R26,LOW(-@0)
          	SBCI R27,HIGH(-@0)
          	LD   R0,X+
          	LD   R27,X
          	MOV  R26,R0
          	SUBI R26,LOW(-@1)
          	SBCI R27,HIGH(-@1)
          	ST   X+,R30
          	ST   X+,R31
          	ST   X+,R22
          	ST   X,R23
          	.ENDM
         
          	.CSEG
          	.ORG 0
         
          	.INCLUDE "Prog9.vec"
         
         ;INTERRUPT VECTORS
000000 c15b      	RJMP __RESET
000001 cffe      	RJMP 0x00
000002 cffd      	RJMP 0x00
000003 cffc      	RJMP 0x00
000004 cffb      	RJMP 0x00
000005 cffa      	RJMP 0x00
000006 cff9      	RJMP 0x00
000007 cff8      	RJMP 0x00
000008 cff7      	RJMP 0x00
000009 cff6      	RJMP 0x00
00000a cff5      	RJMP 0x00
00000b cff4      	RJMP 0x00
00000c cff3      	RJMP 0x00
00000d cff2      	RJMP 0x00
00000e cff1      	RJMP 0x00
00000f cff0      	RJMP 0x00
000010 cfef      	RJMP 0x00
000011 cfee      	RJMP 0x00
000012 cfed      	RJMP 0x00
         
          	.INCLUDE "Prog9.inc"
          _tabz:
          	.DW  0x20,0x40,0x80,0x100,0x200,0x400,0x800
000013 0020
000014 0040
000015 0080
000016 0100
000017 0200
000018 0400
000019 0800
          _tabkd:
          	.DW  0x0,0x128C,0x1180,0x1084,0xF98,0xEB8,0xDE4,0xD1C
00001a 0000
00001b 128c
00001c 1180
00001d 1084
00001e 0f98
00001f 0eb8
000020 0de4
000021 0d1c
          	.DW  0xC60,0xBAE,0xB06,0xA68,0x9D2,0x946,0x8C0,0x842
000022 0c60
000023 0bae
000024 0b06
000025 0a68
000026 09d2
000027 0946
000028 08c0
000029 0842
          	.DW  0x7CC,0x75C,0x6F2,0x68E,0x630,0x5D7,0x583,0x534
00002a 07cc
00002b 075c
00002c 06f2
00002d 068e
00002e 0630
00002f 05d7
000030 0583
000031 0534
          	.DW  0x4E9,0x4A3,0x460,0x421,0x3E6,0x3AE,0x379,0x347
000032 04e9
000033 04a3
000034 0460
000035 0421
000036 03e6
000037 03ae
000038 0379
000039 0347
          	.DW  0x318
00003a 0318
          _mel1:
          	.DB  0x6D,0x68,0x6D,0x68,0x6D,0x6C,0x6C,0x60
00003b 686d
00003c 686d
00003d 6c6d
00003e 606c
          	.DB  0x6C,0x68,0x6C,0x68,0x6C,0x6D,0x6D,0x60
00003f 686c
000040 686c
000041 6d6c
000042 606d
          	.DB  0x6D,0x68,0x6D,0x68,0x6D,0x6C,0x6C,0x60
000043 686d
000044 686d
000045 6c6d
000046 606c
          	.DB  0x6C,0x68,0x6C,0x68,0x6C,0x8D,0x60,0x6D
000047 686c
000048 686c
000049 8d6c
00004a 6d60
          	.DB  0x6F,0x4F,0x4F,0x6F,0x6F,0x70,0x50,0x50
00004b 4f6f
00004c 6f4f
00004d 706f
00004e 5050
          	.DB  0x70,0x70,0x70,0x6F,0x6D,0x6C,0x6D,0x6D
00004f 7070
000050 6f70
000051 6c6d
000052 6d6d
          	.DB  0x60,0x6D,0x6F,0x4F,0x4F,0x6F,0x6F,0x70
000053 6d60
000054 4f6f
000055 6f4f
000056 706f
          	.DB  0x50,0x50,0x70,0x70,0x70,0x6F,0x6D,0x6C
000057 5050
000058 7070
000059 6f70
00005a 6c6d
          	.DB  0x8D,0x80,0x60,0xFF
00005b 808d
00005c ff60
          _mel2:
          	.DB  0x6D,0x6E,0x8D,0x66,0x68,0x69,0x66,0x6D
00005d 6e6d
00005e 668d
00005f 6968
000060 6d66
          	.DB  0x6E,0x8D,0x68,0x69,0x6B,0x68,0x6D,0x6E
000061 8d6e
000062 6968
000063 686b
000064 6e6d
          	.DB  0x8D,0x68,0x69,0x8B,0x6D,0x6E,0xAD,0x60
000065 688d
000066 8b69
000067 6e6d
000068 60ad
          	.DB  0x72,0x73,0x92,0x6D,0x6E,0x70,0x6D,0x72
000069 7372
00006a 6d92
00006b 706e
00006c 726d
          	.DB  0x73,0x92,0x6B,0x6D,0x6E,0x72,0x70,0x6E
00006d 9273
00006e 6d6b
00006f 726e
000070 6e70
          	.DB  0x92,0x6D,0x69,0x88,0x6B,0x69,0x86,0x80
000071 6d92
000072 8869
000073 696b
000074 8086
          	.DB  0x80,0x66,0x69,0x89,0x88,0x80,0x68,0x6B
000075 6680
000076 8969
000077 8088
000078 6b68
          	.DB  0x8B,0x89,0x80,0x69,0x6D,0x8D,0x8B,0x80
000079 898b
00007a 6980
00007b 8d6d
00007c 808b
          	.DB  0x6E,0x6D,0xB0,0x70,0x6C,0x6D,0x70,0x90
00007d 6d6e
00007e 70b0
00007f 6d6c
000080 9070
          	.DB  0x8E,0x80,0x6B,0x6E,0x8E,0x8D,0x80,0x69
000081 808e
000082 6e6b
000083 8d8e
000084 6980
          	.DB  0x6D,0x8B,0x80,0xAD,0x86,0x80,0x80,0x6D
000085 8b6d
000086 ad80
000087 8086
000088 6d80
          	.DB  0x70,0x90,0x8E,0x80,0x6B,0x6E,0x8E,0x8D
000089 9070
00008a 808e
00008b 6e6b
00008c 8d8e
          	.DB  0x80,0x69,0x6D,0x8B,0x80,0xAD,0x92,0x80
00008d 6980
00008e 8b6d
00008f ad80
000090 8092
          	.DB  0xFF
000091 00ff
          _mel3:
          	.DB  0x84,0x8D,0x8D,0x8B,0x8D,0x89,0x84,0x84
000092 8d84
000093 8b8d
000094 898d
000095 8484
          	.DB  0x84,0x8D,0x8D,0x8E,0x8B,0xB0,0x80,0x90
000096 8d84
000097 8e8d
000098 b08b
000099 9080
          	.DB  0x92,0x92,0x9A,0x9A,0x99,0x97,0x95,0x90
00009a 9292
00009b 9a9a
00009c 9799
00009d 9095
          	.DB  0x99,0x99,0x97,0x99,0xB5,0x80,0x60,0xFF
00009e 9999
00009f 9997
0000a0 80b5
0000a1 ff60
          _mel4:
          	.DB  0x6B,0x6B,0x8D,0x8B,0x90,0x8F,0x80,0x6B
0000a2 6b6b
0000a3 8b8d
0000a4 8f90
0000a5 6b80
          	.DB  0x6B,0x8D,0x8B,0x92,0x90,0x80,0x6B,0x6B
0000a6 8d6b
0000a7 928b
0000a8 8090
0000a9 6b6b
          	.DB  0x97,0x94,0x92,0x70,0x6F,0x95,0x75,0x75
0000aa 9497
0000ab 7092
0000ac 956f
0000ad 7575
          	.DB  0x94,0x90,0x92,0x90,0x80,0xFF
0000ae 9094
0000af 9092
0000b0 ff80
          _mel5:
          	.DB  0x63,0xAF,0x6D,0x6B,0x6A,0x66,0x63,0x90
0000b1 af63
0000b2 6b6d
0000b3 666a
0000b4 9063
          	.DB  0x6F,0xAF,0x60,0x63,0x6B,0x6B,0x6B,0x6B
0000b5 af6f
0000b6 6360
0000b7 6b6b
0000b8 6b6b
          	.DB  0x66,0x68,0xAA,0x60,0x63,0x6D,0x6D,0x6D
0000b9 6866
0000ba 60aa
0000bb 6d63
0000bc 6d6d
          	.DB  0x6D,0x6B,0x6A,0x8F,0x6D,0x8D,0x63,0x6D
0000bd 6b6d
0000be 8f6a
0000bf 8d6d
0000c0 6d63
          	.DB  0x6D,0x6D,0x6D,0x68,0x6A,0xAB,0x60,0x63
0000c1 6d6d
0000c2 686d
0000c3 ab6a
0000c4 6360
          	.DB  0x6F,0x6D,0x6B,0x6A,0x66,0x63,0x90,0x6F
0000c5 6d6f
0000c6 6a6b
0000c7 6366
0000c8 6f90
          	.DB  0x8F,0x68,0x72,0x72,0x72,0x72,0x6D,0x6F
0000c9 688f
0000ca 7272
0000cb 7272
0000cc 6f6d
          	.DB  0xB0,0x60,0x68,0x74,0x70,0x6D,0x6B,0x6A
0000cd 60b0
0000ce 7468
0000cf 6d70
0000d0 6a6b
          	.DB  0x40,0x49,0x8F,0x6B,0x83,0x63,0x90,0x50
0000d1 4940
0000d2 6b8f
0000d3 6383
0000d4 5090
          	.DB  0x50,0x70,0x6F,0x40,0x4B,0xAD,0x80,0xFF
0000d5 7050
0000d6 406f
0000d7 ad4b
0000d8 ff80
          _mel6:
          	.DB  0x69,0x6D,0x70,0x95,0x74,0x40,0x50,0x94
0000d9 6d69
0000da 9570
0000db 4074
0000dc 9450
          	.DB  0x72,0x40,0x4E,0x92,0x70,0x60,0x69,0x69
0000dd 4072
0000de 924e
0000df 6070
0000e0 6969
          	.DB  0x6D,0x90,0x6F,0x40,0x50,0x91,0x70,0x40
0000e1 906d
0000e2 406f
0000e3 9150
0000e4 4070
          	.DB  0x51,0xB2,0x60,0x75,0x75,0x75,0x95,0x74
0000e5 b251
0000e6 7560
0000e7 7575
0000e8 7495
          	.DB  0x40,0x52,0x92,0x70,0x40,0x4F,0x92,0x90
0000e9 5240
0000ea 7092
0000eb 4f40
0000ec 9092
          	.DB  0x60,0x69,0x69,0x6B,0x8D,0x6C,0x6D,0x70
0000ed 6960
0000ee 6b69
0000ef 6c8d
0000f0 706d
          	.DB  0x6E,0x66,0x68,0x89,0x80,0x60,0x69,0x69
0000f1 666e
0000f2 8968
0000f3 6080
0000f4 6969
          	.DB  0x69,0x89,0x66,0x40,0x49,0x8E,0x69,0x6B
0000f5 8969
0000f6 4066
0000f7 8e49
0000f8 6b69
          	.DB  0x6D,0x40,0x4B,0x89,0x60,0x69,0x69,0x69
0000f9 406d
0000fa 894b
0000fb 6960
0000fc 6969
          	.DB  0x89,0x66,0x69,0x8E,0x70,0x40,0x52,0xB4
0000fd 6689
0000fe 8e69
0000ff 4070
000100 b452
          	.DB  0x60,0x74,0x74,0x74,0x94,0x72,0x70,0x8E
000101 7460
000102 7474
000103 7294
000104 8e70
          	.DB  0x6D,0x40,0x4E,0x92,0x90,0x60,0x69,0x69
000105 406d
000106 924e
000107 6090
000108 6969
          	.DB  0x6B,0x8D,0x6C,0x6D,0x70,0x6E,0x66,0x68
000109 8d6b
00010a 6d6c
00010b 6e70
00010c 6866
          	.DB  0xA9,0x60,0x60,0xFF
00010d 60a9
00010e ff60
          _mel7:
          	.DB  0x6B,0x68,0x8D,0x8B,0x66,0x69,0x68,0x66
00010f 686b
000110 8b8d
000111 6966
000112 6668
          	.DB  0xA4,0x80,0x68,0x6B,0x6D,0x6D,0x6D,0x6F
000113 80a4
000114 6b68
000115 6d6d
000116 6f6d
          	.DB  0x72,0x70,0x6F,0x6D,0x90,0x8B,0x80,0x6D
000117 7072
000118 6d6f
000119 8b90
00011a 6d80
          	.DB  0x6F,0x90,0x60,0x6F,0x6D,0x68,0x6B,0x69
00011b 906f
00011c 6f60
00011d 686d
00011e 696b
          	.DB  0xAD,0x80,0x6F,0x6D,0x70,0x6B,0x6F,0x6D
00011f 80ad
000120 6d6f
000121 6b70
000122 6d6f
          	.DB  0x6D,0x6B,0x66,0x68,0x86,0x84,0x80,0x64
000123 6b6d
000124 6866
000125 8486
000126 6480
          	.DB  0x67,0x6B,0x6B,0x6B,0x6B,0x8B,0x70,0x64
000127 6b67
000128 6b6b
000129 8b6b
00012a 6470
          	.DB  0x67,0x66,0x66,0x66,0x86,0x66,0x67,0x6B
00012b 6667
00012c 6666
00012d 6686
00012e 6b67
          	.DB  0x69,0x6B,0x6C,0x6C,0x6C,0x6C,0x6B,0x69
00012f 6b69
000130 6c6c
000131 6c6c
000132 696b
          	.DB  0x6B,0x6C,0x90,0x8E,0x80,0x70,0x6B,0x6E
000133 6c6b
000134 8e90
000135 7080
000136 6e6b
          	.DB  0x8C,0x70,0x69,0x6C,0x6B,0x6B,0x6B,0x69
000137 708c
000138 6c69
000139 6b6b
00013a 696b
          	.DB  0x8C,0x8B,0x8B,0x70,0x67,0x66,0x67,0x69
00013b 8b8c
00013c 708b
00013d 6667
00013e 6967
          	.DB  0x6C,0x6B,0x69,0x67,0x80,0x70,0x6B,0x6E
00013f 6b6c
000140 6769
000141 7080
000142 6e6b
          	.DB  0x6C,0x6C,0x6C,0x8C,0x70,0x69,0x6C,0x6B
000143 6c6c
000144 8c6c
000145 6970
000146 6b6c
          	.DB  0x6B,0x6B,0x8B,0x70,0x67,0x66,0x67,0x69
000147 6b6b
000148 708b
000149 6667
00014a 6967
          	.DB  0x6C,0x6B,0x69,0x67,0x69,0x8B,0x84,0x80
00014b 6b6c
00014c 6769
00014d 8b69
00014e 8084
          	.DB  0x60,0x60,0x60,0xFF
00014f 6060
000150 ff60
          _3:
          	.DW  _mel1*2
000151 0076
          	.DW  _mel2*2
000152 00ba
          	.DW  _mel3*2
000153 0124
          	.DW  _mel4*2
000154 0144
          	.DW  _mel5*2
000155 0162
          	.DW  _mel6*2
000156 01b2
          	.DW  _mel7*2
000157 021e
         
         ;GPIOR0-GPIOR2 INITIALIZATION
          	.EQU  __GPIOR0_INIT=0x00
          	.EQU  __GPIOR1_INIT=0x00
          	.EQU  __GPIOR2_INIT=0x00
         
          __GLOBAL_INI_TBL:
          	.DW  0x0E
000158 000e
          	.DW  _tabm
000159 0080
          	.DW  _3*2
00015a 02a2
         
          	.DW  0
00015b 0000
         
          __RESET:
00015c 94f8      	CLI
00015d 27ee      	CLR  R30
00015e bbec      	OUT  EECR,R30
00015f bfe5      	OUT  MCUCR,R30
         
         ;DISABLE WATCHDOG
000160 e1f8      	LDI  R31,0x18
000161 b7a4      	IN   R26,MCUSR
000162 7fa7      	CBR  R26,8
000163 bfa4      	OUT  MCUSR,R26
000164 bdf1      	OUT  WDTCR,R31
000165 bde1      	OUT  WDTCR,R30
         
         ;CLEAR R2-R14
000166 e08d      	LDI  R24,13
000167 e0a2      	LDI  R26,2
          __CLEAR_REG:
000168 93ed      	ST   X+,R30
000169 958a      	DEC  R24
00016a f7e9      	BRNE __CLEAR_REG
         
         ;CLEAR SRAM
00016b e880      	LDI  R24,LOW(0x80)
00016c e6a0      	LDI  R26,0x60
          __CLEAR_SRAM:
00016d 93ed      	ST   X+,R30
00016e 958a      	DEC  R24
00016f f7e9      	BRNE __CLEAR_SRAM
         
         ;GLOBAL VARIABLES INITIALIZATION
000170 ebe0      	LDI  R30,LOW(__GLOBAL_INI_TBL*2)
000171 e0f2      	LDI  R31,HIGH(__GLOBAL_INI_TBL*2)
          __GLOBAL_INI_NEXT:
000172 9185      	LPM  R24,Z+
000173 9195      	LPM  R25,Z+
000174 9700      	SBIW R24,0
000175 f061      	BREQ __GLOBAL_INI_END
000176 91a5      	LPM  R26,Z+
000177 91b5      	LPM  R27,Z+
000178 9005      	LPM  R0,Z+
000179 9015      	LPM  R1,Z+
00017a 01bf      	MOVW R22,R30
00017b 01f0      	MOVW R30,R0
          __GLOBAL_INI_LOOP:
00017c 9005      	LPM  R0,Z+
00017d 920d      	ST   X+,R0
00017e 9701      	SBIW R24,1
00017f f7e1      	BRNE __GLOBAL_INI_LOOP
000180 01fb      	MOVW R30,R22
000181 cff0      	RJMP __GLOBAL_INI_NEXT
          __GLOBAL_INI_END:
         
         ;GPIOR0-GPIOR2 INITIALIZATION
000182 e0e0      	LDI  R30,__GPIOR0_INIT
000183 bbe3      	OUT  GPIOR0,R30
000184 e0e0      	LDI  R30,__GPIOR1_INIT
000185 bbe4      	OUT  GPIOR1,R30
000186 e0e0      	LDI  R30,__GPIOR2_INIT
000187 bbe5      	OUT  GPIOR2,R30
         
         ;STACK POINTER INITIALIZATION
000188 edef      	LDI  R30,LOW(0xDF)
000189 bfed      	OUT  SPL,R30
         
         ;DATA STACK POINTER INITIALIZATION
00018a e8c0      	LDI  R28,LOW(0x80)
00018b e0d0      	LDI  R29,HIGH(0x80)
         
00018c c000      	RJMP _main
         
          	.ESEG
          	.ORG 0
         
          	.DSEG
          	.ORG 0x80
         ;       1 /*****************************************************
         ;       2 This program was produced by the
         ;       3 CodeWizardAVR V1.24.4 Standard
         ;       4 Automatic Program Generator
         ;       5 © Copyright 1998-2004 Pavel Haiduc, HP InfoTech s.r.l.
         ;       6 http://www.hpinfotech.com
         ;       7 e-mail:office@hpinfotech.com
         ;       8 
         ;       9 Project : 
         ;      10 Version : 
         ;      11 Date    : 04.02.2006
         ;      12 Author  : Belov                           
         ;      13 Company : Home                            
         ;      14 Comments: 
         ;      15 
         ;      16 
         ;      17 Chip type           : ATtiny2313
         ;      18 Clock frequency     : 4,000000 MHz
         ;      19 Memory model        : Tiny
         ;      20 External SRAM size  : 0
         ;      21 Data Stack size     : 32
         ;      22 *****************************************************/
         ;      23 
         ;      24 #include <tiny2313.h>
         ;      25 #include <delay.h>
         ;      26 
         ;      27 // Declare your global variables here
         ;      28 
         ;      29 // Таблица задержек
         ;      30 flash unsigned int tabz[] =  {32,64,128,256,512,1024,2048};
         
          	.CSEG
         ;      31 
         ;      32 // Таблица коэффициентов деления
         ;      33 flash unsigned int tabkd[] = {0,4748,4480,4228,3992,3768,3556,3356,3168,2990,2822,
         ;      34         2664,2514,2374,2240,2114,1996,1884,1778,1678,1584,1495,1411,1332,1257,
         ;      35         1187,1120,1057, 998,942,889,839,792};
         ;      36 // Таблицы мелодий
         ;      37 // В траве сидел кузнечик
         ;      38 flash unsigned char mel1[] = {109,104,109,104,109,108,108,96,108,104,108,104,108,
         ;      39         109,109,96,109,104,109,104,109,108,108,96,108,104,108,104,108,141,96,109,
         ;      40         111, 79, 79,111,111,112,80,80,112,112,112,111,109,108,109,109, 96,109,111,
         ;      41         79,79,111,111,112,80,80,112,112,112,111,109,108,141,128,96,255};
         ;      42 // Песенка крокодила Гены
         ;      43 flash unsigned char mel2[] = {109,110,141,102,104,105,102,109,110,141,104,105,107, 
         ;      44         104,109,110,141,104,105,139,109,110,173, //109,
         ;      45          96,114,115,146,109,110,112,109, 
         ;      46         114,115,146,107,109,110,114,112,110,146,109,105,136,107,105,134,128,128,102,
         ;      47         105,137,136,128,104,107,139,137,128,105,109,141,139,128,110,109,176,112,108,
         ;      48         109,112,144,142,128,107,110,142,141,128,105,109,139,128,173,134,128,128,109,
         ;      49        112,144,142,128,107,110,142,141,128,105,109,139,128,173,146,128,255};  
         ;      50 // В лесу родилась елочка
         ;      51 flash unsigned char mel3[] = {132,141,141,139,141,137,132,132,132,141,141,142,139,
         ;      52         176,128,144,146,146,154,154,153,151,149,144,153,153,151,153,181,128,96,255};
         ;      53 // Happy births day to you
         ;      54 flash unsigned char mel4[] = {107,107,141,139,144,143,128,107,107,141,139,146,144,
         ;      55         128,107,107,151,148,146,112,111,149,117,117,148,144,146,144,128,255};
         ;      56 // С чего начинается родина
         ;      57 flash unsigned char mel5[] = {99,175,109,107,106,102,99,144,111,175,96,99,107,107,
         ;      58         107,107,102,104,170,96,99,109,109,109,109,107,106,143,109,141,99,109,109,109,
         ;      59         109,104,106,171,96,99,111,109,107,106,102,99,144,111,143,104,114,114,114,114,
         ;      60         109,111,176, 96,104,116,112,109,107,106,64,73,143,107,131,99,144,80,80,112,
         ;      61         111,64,75,173,128,255};
         ;      62 // Из кинофильма "Веселые ребята"
         ;      63 flash unsigned char mel6[] = {105,109,112,149,116,64,80,148,114,64,78,146,112,96,105,
         ;      64         105,109,144,111,64,80,145,112,64,81,178,96,117,117,117,149,116,64,82,146,112,
         ;      65         64,79,146,144,96,105,105,107,141,108,109,112,110,102,104,137,128,96,105,105,
         ;      66         105,137,102,64,73,142,105,107,109,64,75,137,96,105,105,105,137,102,105,142,112,
         ;      67         64,82,180,96,116,116,116,148,114,112,142,109,64,78,146,144,96,105,105,107,141,
         ;      68         108,109,112,110,102,104,169,96,96,255};
         ;      69 // Улыбка
         ;      70 flash unsigned char mel7[] = {107,104,141,139,102,105,104,102,164,128,104,107,109,109,
         ;      71         109,111,114,112,111,109,144,139,128,109,111,144, 96,111,109,104,107,105,173,128,
         ;      72         111,109,112,107,111,109,109,107,102,104,134,132,128,100,103,107,107,107,107,139,
         ;      73         112,100,103,102,102,102,134,102,103,107,105,107,108,108,108,108,107,105,107,108,
         ;      74         144,142,128,112,107,110,140,112,105,108,107,107,107,105,140,139,139,112,103,102,
         ;      75         103,105,108,107,105,103,128,112,107,110,108,108,108,140,112,105,108,107,107,107,
         ;      76         139,112,103,102,103,105,108,107,105,103,105,139,132,128,96,96,96,255};		 
         ;      77 
         ;      78 // Таблица начал всех мелодий
         ;      79 flash unsigned char *tabm[] = {mel1, mel2, mel3, mel4, mel5, mel6, mel7};
         
          	.DSEG
          _tabm:
000080      	.BYTE 0xE
         ;      80 
         ;      81 
         ;      82 void main(void)
         ;      83 {
         
          	.CSEG
          _main:
         ;      84 unsigned char count;    // Определяем переменную count
         ;      85 unsigned char temp;     // Определяем переменную temp
         ;      86 unsigned char fnota;    // Код тона ноты
         ;      87 unsigned char dnota;    // Код длительности ноты
         ;      88 flash unsigned char *nota;  // Ссылка на текущую ноту
         ;      89 
         ;      90 PORTB=0x08;  // Игициализация порта PB
         ;	count -> R16
         ;	temp -> R17
         ;	fnota -> R18
         ;	dnota -> R19
         ;	*nota -> R20,R21
00018d e0e8      	LDI  R30,LOW(8)
00018e bbe8      	OUT  0x18,R30
         ;      91 DDRB=0x08;
00018f bbe7      	OUT  0x17,R30
         ;      92 
         ;      93 PORTD=0x7F;  // Игициализация порта PB
000190 e7ef      	LDI  R30,LOW(127)
000191 bbe2      	OUT  0x12,R30
         ;      94 DDRD=0x00;
000192 e0e0      	LDI  R30,LOW(0)
000193 bbe1      	OUT  0x11,R30
         ;      95 
         ;      96 TCCR1A=0x00;   // Инициализация таймера счетчика T1
000194 d03c      	RCALL SUBOPT_0x0
         ;      97 TCCR1B=0x09;
000195 e0e9      	LDI  R30,LOW(9)
000196 bdee      	OUT  0x2E,R30
         ;      98 
         ;      99 ACSR=0x80;   // Инициализация аналогового компаратора
000197 e8e0      	LDI  R30,LOW(128)
000198 b9e8      	OUT  0x8,R30
         ;     100 
         ;     101 while (1)
         ;     102     {
         ;     103       // Сканирование клавиатуры
         ;     104 m1:   temp=PIND;                        // Чтение кода с клавиатуры
          _0x7:
000199 b310      	IN   R17,16
         ;     105       for (count=0; count<7; count++)   // Цикл сканирования
00019a e000      	LDI  R16,LOW(0)
          _0x9:
00019b 3007      	CPI  R16,7
00019c f428      	BRSH _0xA
         ;     106        {
         ;     107          if ((temp&1)==0) goto m3;      // Если кнопка нажата, выходим
00019d ff10      	SBRS R17,0
00019e c005      	RJMP _0xC
         ;     108          temp >>= 1;                    // Сдвиг считанного кода
00019f 9516      	LSR  R17
         ;     109        }
0001a0 5f0f      	SUBI R16,-1
0001a1 cff9      	RJMP _0x9
          _0xA:
         ;     110 m2:   TCCR1A=0x00;  // Выключаем звук
          _0xD:
0001a2 d02e      	RCALL SUBOPT_0x0
         ;     111       goto m1;
0001a3 cff5      	RJMP _0x7
         ;     112       
         ;     113       // Воспроизведение мелодии
         ;     114 m3:   nota = tabm[count];           // Устанавливаем указатель на первую ноту
          _0xC:
0001a4 2fe0      	MOV  R30,R16
0001a5 e8a0      	LDI  R26,LOW(_tabm)
0001a6 0fee      	LSL  R30
0001a7 0fae      	ADD  R26,R30
0001a8 914d      	LD   R20,X+
0001a9 915c      	LD   R21,X
         ;     115 m4:   if (PIND==0x7F) goto m2;      // Если ни одна кнопка не нажата, закончить
          _0xE:
0001aa b3e0      	IN   R30,0x10
0001ab 37ef      	CPI  R30,LOW(0x7F)
0001ac f3a9      	BREQ _0xD
         ;     116       if (*nota==0xFF) goto m3;     // Проверка на конец мелодии
0001ad d026      	RCALL SUBOPT_0x1
0001ae 3fef      	CPI  R30,LOW(0xFF)
0001af f3a1      	BREQ _0xC
         ;     117       fnota = (*nota)&0x1F;         // Определяем код тона
0001b0 d023      	RCALL SUBOPT_0x1
0001b1 71ef      	ANDI R30,LOW(0x1F)
0001b2 2f2e      	MOV  R18,R30
         ;     118       dnota = ((*nota)>>5)&0x07;    // Определяем код длительности
0001b3 d020      	RCALL SUBOPT_0x1
0001b4 95e2      	SWAP R30
0001b5 70ef      	ANDI R30,0xF
0001b6 95e6      	LSR  R30
0001b7 70e7      	ANDI R30,LOW(0x7)
0001b8 2f3e      	MOV  R19,R30
         ;     119       if (fnota==0) goto m5;        // Если пауза не воспроизводим звук
0001b9 3020      	CPI  R18,0
0001ba f041      	BREQ _0x12
         ;     120       OCR1A=tabkd[fnota];           // Программируем частоту звука
0001bb e3a4      	LDI  R26,LOW(_tabkd*2)
0001bc e0b0      	LDI  R27,HIGH(_tabkd*2)
0001bd 2fe2      	MOV  R30,R18
0001be d019      	RCALL SUBOPT_0x2
0001bf bdfb      	OUT  0x2A+1,R31
0001c0 bdea      	OUT  0x2A,R30
         ;     121       TCCR1A=0x40;                  // Включаем звук
0001c1 e4e0      	LDI  R30,LOW(64)
0001c2 bdef      	OUT  0x2F,R30
         ;     122 m5:   delay_ms (tabz[dnota]);       // Формируем задержку
          _0x12:
0001c3 e2a6      	LDI  R26,LOW(_tabz*2)
0001c4 e0b0      	LDI  R27,HIGH(_tabz*2)
0001c5 2fe3      	MOV  R30,R19
0001c6 d011      	RCALL SUBOPT_0x2
0001c7 d017      	RCALL SUBOPT_0x3
         ;     123       TCCR1A=0x00;                  // Выключаем звук
0001c8 d008      	RCALL SUBOPT_0x0
         ;     124       delay_ms (tabz[0]);           // Задержка между нотами
0001c9 e2e6      	LDI  R30,LOW(_tabz*2)
0001ca e0f0      	LDI  R31,HIGH(_tabz*2)
0001cb d022      	RCALL __GETW1PF
0001cc d012      	RCALL SUBOPT_0x3
         ;     125       nota++;                       // Перемещаем указатель на следующую ноту
0001cd   +  	__ADDWRN 20,21,1
         ;     126       goto m4;                      // К началу цикла
0001cf cfda      	RJMP _0xE
         ;     127     };
         ;     128 }
          _0x13:
0001d0 cfff      	RJMP _0x13
         
         
         ;OPTIMIZER ADDED SUBROUTINE, CALLED 3 TIMES
          SUBOPT_0x0:
0001d1 e0e0      	LDI  R30,LOW(0)
0001d2 bdef      	OUT  0x2F,R30
0001d3 9508      	RET
         
         ;OPTIMIZER ADDED SUBROUTINE, CALLED 3 TIMES
          SUBOPT_0x1:
0001d4   +  	__GETW1R 20,21
0001d6 91e4      	LPM  R30,Z
0001d7 9508      	RET
         
         ;OPTIMIZER ADDED SUBROUTINE, CALLED 2 TIMES
          SUBOPT_0x2:
0001d8 e0f0      	LDI  R31,0
0001d9 0fee      	LSL  R30
0001da 1fff      	ROL  R31
0001db 0fea      	ADD  R30,R26
0001dc 1ffb      	ADC  R31,R27
0001dd d010      	RCALL __GETW1PF
0001de 9508      	RET
         
         ;OPTIMIZER ADDED SUBROUTINE, CALLED 2 TIMES
          SUBOPT_0x3:
0001df 93fa      	ST   -Y,R31
0001e0 93ea      	ST   -Y,R30
0001e1 c000      	RJMP _delay_ms
         
          _delay_ms:
0001e2 91e9      	ld   r30,y+
0001e3 91f9      	ld   r31,y+
0001e4 9630      	adiw r30,0
0001e5 f039      	breq __delay_ms1
          __delay_ms0:
0001e6   +  	__DELAY_USW 0x3E8
0001ea 95a8      	wdr
0001eb 9731      	sbiw r30,1
0001ec f7c9      	brne __delay_ms0
          __delay_ms1:
0001ed 9508      	ret
         
          __GETW1PF:
0001ee 9005      	LPM  R0,Z+
0001ef 91f4      	LPM  R31,Z
0001f0 2de0      	MOV  R30,R0
0001f1 9508      	RET
         
         ;END OF CODE MARKER
          __END_OF_CODE:

Assembly complete with no errors.
