
AVRASM ver. 1.52  Prog5.asm Sat Feb 18 23:34:31 2006


         ;CodeVisionAVR C Compiler V1.24.4 Standard
         ;(C) Copyright 1998-2004 Pavel Haiduc, HP InfoTech s.r.l.
         ;http://www.hpinfotech.com
         ;e-mail:office@hpinfotech.com
         
         ;Chip type           : ATtiny13
         ;Clock frequency     : 4,000000 MHz
         ;Memory model        : Tiny
         ;Optimize for        : Size
         ;(s)printf features  : int, width
         ;(s)scanf features   : int, width
         ;External SRAM size  : 0
         ;Data Stack size     : 16 byte(s)
         ;Heap size           : 0 byte(s)
         ;Promote char to int : No
         ;char is unsigned    : Yes
         ;8 bit enums         : Yes
         ;Automatic register allocation : On
         
          	.EQU EERE=0x0
          	.EQU EEWE=0x1
          	.EQU EEMWE=0x2
          	.EQU EECR=0x1C
          	.EQU EEDR=0x1D
          	.EQU EEARL=0x1E
         
          	.EQU WDTCR=0x21
          	.EQU MCUSR=0x34
          	.EQU MCUCR=0x35
          	.EQU SPL=0x3D
          	.EQU SREG=0x3F
         
          	.DEF R0X0=R0
          	.DEF R0X1=R1
          	.DEF R0X2=R2
          	.DEF R0X3=R3
          	.DEF R0X4=R4
          	.DEF R0X5=R5
          	.DEF R0X6=R6
          	.DEF R0X7=R7
          	.DEF R0X8=R8
          	.DEF R0X9=R9
          	.DEF R0XA=R10
          	.DEF R0XB=R11
          	.DEF R0XC=R12
          	.DEF R0XD=R13
          	.DEF R0XE=R14
          	.DEF R0XF=R15
          	.DEF R0X10=R16
          	.DEF R0X11=R17
          	.DEF R0X12=R18
          	.DEF R0X13=R19
          	.DEF R0X14=R20
          	.DEF R0X15=R21
          	.DEF R0X16=R22
          	.DEF R0X17=R23
          	.DEF R0X18=R24
          	.DEF R0X19=R25
          	.DEF R0X1A=R26
          	.DEF R0X1B=R27
          	.DEF R0X1C=R28
          	.DEF R0X1D=R29
          	.DEF R0X1E=R30
          	.DEF R0X1F=R31
         
          	.EQU __se_bit=0x20
          	.EQU __sm_mask=0x18
          	.EQU __sm_adc_noise_red=0x08
          	.EQU __sm_powerdown=0x10
         
          	.MACRO __CPD1N
          	CPI  R30,LOW(@0)
          	LDI  R26,HIGH(@0)
          	CPC  R31,R26
          	LDI  R26,BYTE3(@0)
          	CPC  R22,R26
          	LDI  R26,BYTE4(@0)
          	CPC  R23,R26
          	.ENDM
         
          	.MACRO __CPD2N
          	CPI  R26,LOW(@0)
          	LDI  R30,HIGH(@0)
          	CPC  R27,R30
          	LDI  R30,BYTE3(@0)
          	CPC  R24,R30
          	LDI  R30,BYTE4(@0)
          	CPC  R25,R30
          	.ENDM
         
          	.MACRO __CPWRR
          	CP   R@0,R@2
          	CPC  R@1,R@3
          	.ENDM
         
          	.MACRO __CPWRN
          	CPI  R@0,LOW(@2)
          	LDI  R30,HIGH(@2)
          	CPC  R@1,R30
          	.ENDM
         
          	.MACRO __ADDD1N
          	SUBI R30,LOW(-@0)
          	SBCI R31,HIGH(-@0)
          	SBCI R22,BYTE3(-@0)
          	SBCI R23,BYTE4(-@0)
          	.ENDM
         
          	.MACRO __ADDD2N
          	SUBI R26,LOW(-@0)
          	SBCI R27,HIGH(-@0)
          	SBCI R24,BYTE3(-@0)
          	SBCI R25,BYTE4(-@0)
          	.ENDM
         
          	.MACRO __SUBD1N
          	SUBI R30,LOW(@0)
          	SBCI R31,HIGH(@0)
          	SBCI R22,BYTE3(@0)
          	SBCI R23,BYTE4(@0)
          	.ENDM
         
          	.MACRO __SUBD2N
          	SUBI R26,LOW(@0)
          	SBCI R27,HIGH(@0)
          	SBCI R24,BYTE3(@0)
          	SBCI R25,BYTE4(@0)
          	.ENDM
         
          	.MACRO __ANDD1N
          	ANDI R30,LOW(@0)
          	ANDI R31,HIGH(@0)
          	ANDI R22,BYTE3(@0)
          	ANDI R23,BYTE4(@0)
          	.ENDM
         
          	.MACRO __ORD1N
          	ORI  R30,LOW(@0)
          	ORI  R31,HIGH(@0)
          	ORI  R22,BYTE3(@0)
          	ORI  R23,BYTE4(@0)
          	.ENDM
         
          	.MACRO __DELAY_USB
          	LDI  R24,LOW(@0)
          __DELAY_USB_LOOP:
          	DEC  R24
          	BRNE __DELAY_USB_LOOP
          	.ENDM
         
          	.MACRO __DELAY_USW
          	LDI  R24,LOW(@0)
          	LDI  R25,HIGH(@0)
          __DELAY_USW_LOOP:
          	SBIW R24,1
          	BRNE __DELAY_USW_LOOP
          	.ENDM
         
          	.MACRO __CLRD1S
          	LDI  R30,0
          	STD  Y+@0,R30
          	STD  Y+@0+1,R30
          	STD  Y+@0+2,R30
          	STD  Y+@0+3,R30
          	.ENDM
         
          	.MACRO __GETD1S
          	LDD  R30,Y+@0
          	LDD  R31,Y+@0+1
          	LDD  R22,Y+@0+2
          	LDD  R23,Y+@0+3
          	.ENDM
         
          	.MACRO __PUTD1S
          	STD  Y+@0,R30
          	STD  Y+@0+1,R31
          	STD  Y+@0+2,R22
          	STD  Y+@0+3,R23
          	.ENDM
         
          	.MACRO __POINTB1MN
          	LDI  R30,LOW(@0+@1)
          	.ENDM
         
          	.MACRO __POINTW1MN
          	LDI  R30,LOW(@0+@1)
          	LDI  R31,HIGH(@0+@1)
          	.ENDM
         
          	.MACRO __POINTW1FN
          	LDI  R30,LOW(2*@0+@1)
          	LDI  R31,HIGH(2*@0+@1)
          	.ENDM
         
          	.MACRO __POINTB2MN
          	LDI  R26,LOW(@0+@1)
          	.ENDM
         
          	.MACRO __POINTW2MN
          	LDI  R26,LOW(@0+@1)
          	LDI  R27,HIGH(@0+@1)
          	.ENDM
         
          	.MACRO __POINTBRM
          	LDI  R@0,LOW(@1)
          	.ENDM
         
          	.MACRO __POINTWRM
          	LDI  R@0,LOW(@2)
          	LDI  R@1,HIGH(@2)
          	.ENDM
         
          	.MACRO __POINTBRMN
          	LDI  R@0,LOW(@1+@2)
          	.ENDM
         
          	.MACRO __POINTWRMN
          	LDI  R@0,LOW(@2+@3)
          	LDI  R@1,HIGH(@2+@3)
          	.ENDM
         
          	.MACRO __GETD1N
          	LDI  R30,LOW(@0)
          	LDI  R31,HIGH(@0)
          	LDI  R22,BYTE3(@0)
          	LDI  R23,BYTE4(@0)
          	.ENDM
         
          	.MACRO __GETD2N
          	LDI  R26,LOW(@0)
          	LDI  R27,HIGH(@0)
          	LDI  R24,BYTE3(@0)
          	LDI  R25,BYTE4(@0)
          	.ENDM
         
          	.MACRO __GETD2S
          	LDD  R26,Y+@0
          	LDD  R27,Y+@0+1
          	LDD  R24,Y+@0+2
          	LDD  R25,Y+@0+3
          	.ENDM
         
          	.MACRO __GETB1MN
          	LDS  R30,@0+@1
          	.ENDM
         
          	.MACRO __GETW1MN
          	LDS  R30,@0+@1
          	LDS  R31,@0+@1+1
          	.ENDM
         
          	.MACRO __GETD1MN
          	LDS  R30,@0+@1
          	LDS  R31,@0+@1+1
          	LDS  R22,@0+@1+2
          	LDS  R23,@0+@1+3
          	.ENDM
         
          	.MACRO __GETBRMN
          	LDS  R@2,@0+@1
          	.ENDM
         
          	.MACRO __GETWRMN
          	LDS  R@2,@0+@1
          	LDS  R@3,@0+@1+1
          	.ENDM
         
          	.MACRO __GETWRZ
          	LDD  R@0,Z+@2
          	LDD  R@1,Z+@2+1
          	.ENDM
         
          	.MACRO __GETB2MN
          	LDS  R26,@0+@1
          	.ENDM
         
          	.MACRO __GETW2MN
          	LDS  R26,@0+@1
          	LDS  R27,@0+@1+1
          	.ENDM
         
          	.MACRO __GETD2MN
          	LDS  R26,@0+@1
          	LDS  R27,@0+@1+1
          	LDS  R24,@0+@1+2
          	LDS  R25,@0+@1+3
          	.ENDM
         
          	.MACRO __PUTB1MN
          	STS  @0+@1,R30
          	.ENDM
         
          	.MACRO __PUTW1MN
          	STS  @0+@1,R30
          	STS  @0+@1+1,R31
          	.ENDM
         
          	.MACRO __PUTD1MN
          	STS  @0+@1,R30
          	STS  @0+@1+1,R31
          	STS  @0+@1+2,R22
          	STS  @0+@1+3,R23
          	.ENDM
         
          	.MACRO __PUTDZ2
          	STD  Z+@0,R26
          	STD  Z+@0+1,R27
          	STD  Z+@0+2,R24
          	STD  Z+@0+3,R25
          	.ENDM
         
          	.MACRO __PUTBMRN
          	STS  @0+@1,R@2
          	.ENDM
         
          	.MACRO __PUTWMRN
          	STS  @0+@1,R@2
          	STS  @0+@1+1,R@3
          	.ENDM
         
          	.MACRO __PUTBZR
          	STD  Z+@1,R@0
          	.ENDM
         
          	.MACRO __PUTWZR
          	STD  Z+@2,R@0
          	STD  Z+@2+1,R@1
          	.ENDM
         
          	.MACRO __GETW1R
          	MOV  R30,R@0
          	MOV  R31,R@1
          	.ENDM
         
          	.MACRO __GETW2R
          	MOV  R26,R@0
          	MOV  R27,R@1
          	.ENDM
         
          	.MACRO __GETWRN
          	LDI  R@0,LOW(@2)
          	LDI  R@1,HIGH(@2)
          	.ENDM
         
          	.MACRO __PUTW1R
          	MOV  R@0,R30
          	MOV  R@1,R31
          	.ENDM
         
          	.MACRO __PUTW2R
          	MOV  R@0,R26
          	MOV  R@1,R27
          	.ENDM
         
          	.MACRO __ADDWRN
          	SUBI R@0,LOW(-@2)
          	SBCI R@1,HIGH(-@2)
          	.ENDM
         
          	.MACRO __ADDWRR
          	ADD  R@0,R@2
          	ADC  R@1,R@3
          	.ENDM
         
          	.MACRO __SUBWRN
          	SUBI R@0,LOW(@2)
          	SBCI R@1,HIGH(@2)
          	.ENDM
         
          	.MACRO __SUBWRR
          	SUB  R@0,R@2
          	SBC  R@1,R@3
          	.ENDM
         
          	.MACRO __ANDWRN
          	ANDI R@0,LOW(@2)
          	ANDI R@1,HIGH(@2)
          	.ENDM
         
          	.MACRO __ANDWRR
          	AND  R@0,R@2
          	AND  R@1,R@3
          	.ENDM
         
          	.MACRO __ORWRN
          	ORI  R@0,LOW(@2)
          	ORI  R@1,HIGH(@2)
          	.ENDM
         
          	.MACRO __ORWRR
          	OR   R@0,R@2
          	OR   R@1,R@3
          	.ENDM
         
          	.MACRO __EORWRR
          	EOR  R@0,R@2
          	EOR  R@1,R@3
          	.ENDM
         
          	.MACRO __GETWRS
          	LDD  R@0,Y+@2
          	LDD  R@1,Y+@2+1
          	.ENDM
         
          	.MACRO __PUTWSR
          	STD  Y+@2,R@0
          	STD  Y+@2+1,R@1
          	.ENDM
         
          	.MACRO __MOVEWRR
          	MOV  R@0,R@2
          	MOV  R@1,R@3
          	.ENDM
         
          	.MACRO __INWR
          	IN   R@0,@2
          	IN   R@1,@2+1
          	.ENDM
         
          	.MACRO __OUTWR
          	OUT  @2+1,R@1
          	OUT  @2,R@0
          	.ENDM
         
          	.MACRO __CALL1MN
          	LDS  R30,@0+@1
          	LDS  R31,@0+@1+1
          	ICALL
          	.ENDM
         
         
          	.MACRO __CALL1FN
          	LDI  R30,LOW(2*@0+@1)
          	LDI  R31,HIGH(2*@0+@1)
          	RCALL __GETW1PF
          	ICALL
          	.ENDM
         
         
          	.MACRO __CALL2EN
          	LDI  R26,LOW(@0+@1)
          	LDI  R27,HIGH(@0+@1)
          	RCALL __EEPROMRDW
          	ICALL
          	.ENDM
         
         
          	.MACRO __GETW1STACK
          	IN   R26,SPL
          	IN   R27,SPH
          	ADIW R26,@0+1
          	LD   R30,X+
          	LD   R31,X
          	.ENDM
         
          	.MACRO __NBST
          	BST  R@0,@1
          	IN   R30,SREG
          	LDI  R31,0x40
          	EOR  R30,R31
          	OUT  SREG,R30
          	.ENDM
         
         
          	.MACRO __PUTB1SN
          	LDD  R26,Y+@0
          	SUBI R26,-@1
          	ST   X,R30
          	.ENDM
         
          	.MACRO __PUTW1SN
          	LDD  R26,Y+@0
          	SUBI R26,-@1
          	ST   X+,R30
          	ST   X,R31
          	.ENDM
         
          	.MACRO __PUTD1SN
          	LDD  R26,Y+@0
          	SUBI R26,-@1
          	RCALL __PUTDP1
          	.ENDM
         
          	.MACRO __PUTB1SNS
          	LDD  R26,Y+@0
          	SUBI R26,-@1
          	ST   X,R30
          	.ENDM
         
          	.MACRO __PUTW1SNS
          	LDD  R26,Y+@0
          	SUBI R26,-@1
          	ST   X+,R30
          	ST   X,R31
          	.ENDM
         
          	.MACRO __PUTD1SNS
          	LDD  R26,Y+@0
          	SUBI R26,-@1
          	RCALL __PUTDP1
          	.ENDM
         
          	.MACRO __PUTB1RN
          	MOV  R26,R@0
          	SUBI R26,-@1
          	ST   X,R30
          	.ENDM
         
          	.MACRO __PUTW1RN
          	MOV  R26,R@0
          	SUBI R26,-@1
          	ST   X+,R30
          	ST   X,R31
          	.ENDM
         
          	.MACRO __PUTD1RN
          	MOV  R26,R@0
          	SUBI R26,-@1
          	RCALL __PUTDP1
          	.ENDM
         
          	.MACRO __PUTB1RNS
          	MOV  R26,R@0
          	SUBI R26,-@1
          	ST   X,R30
          	.ENDM
         
          	.MACRO __PUTW1RNS
          	MOV  R26,R@0
          	SUBI R26,-@1
          	ST   X+,R30
          	ST   X,R31
          	.ENDM
         
          	.MACRO __PUTD1RNS
          	MOV  R26,R@0
          	SUBI R26,-@1
          	RCALL __PUTDP1
          	.ENDM
         
          	.MACRO __PUTB1PMN
          	LDS  R26,@0
          	SUBI R26,-@1
          	ST   X,R30
          	.ENDM
         
          	.MACRO __PUTW1PMN
          	LDS  R26,@0
          	SUBI R26,-@1
          	ST   X+,R30
          	ST   X,R31
          	.ENDM
         
          	.MACRO __PUTD1PMN
          	LDS  R26,@0
          	SUBI R26,-@1
          	RCALL __PUTDP1
          	.ENDM
         
          	.MACRO __PUTB1PMNS
          	LDS  R26,@0
          	SUBI R26,-@1
          	ST   X,R30
          	.ENDM
         
          	.MACRO __PUTW1PMNS
          	LDS  R26,@0
          	SUBI R26,-@1
          	ST   X+,R30
          	ST   X,R31
          	.ENDM
         
          	.MACRO __PUTD1PMNS
          	LDS  R26,@0
          	SUBI R26,-@1
          	RCALL __PUTDP1
          	.ENDM
         
          	.MACRO __GETB1SX
          	MOV  R30,R28
          	MOV  R31,R29
          	SUBI R30,LOW(-@0)
          	SBCI R31,HIGH(-@0)
          	LD   R30,Z
          	.ENDM
         
          	.MACRO __GETW1SX
          	MOV  R30,R28
          	MOV  R31,R29
          	SUBI R30,LOW(-@0)
          	SBCI R31,HIGH(-@0)
          	LD   R0,Z+
          	LD   R31,Z
          	MOV  R30,R0
          	.ENDM
         
          	.MACRO __GETD1SX
          	MOV  R30,R28
          	MOV  R31,R29
          	SUBI R30,LOW(-@0)
          	SBCI R31,HIGH(-@0)
          	LD   R0,Z+
          	LD   R1,Z+
          	LD   R22,Z+
          	LD   R23,Z
          	MOV  R30,R0
          	MOV  R31,R1
          	.ENDM
         
          	.MACRO __GETB2SX
          	MOV  R26,R28
          	MOV  R27,R29
          	SUBI R26,LOW(-@0)
          	SBCI R27,HIGH(-@0)
          	LD   R26,X
          	.ENDM
         
          	.MACRO __GETW2SX
          	MOV  R26,R28
          	MOV  R27,R29
          	SUBI R26,LOW(-@0)
          	SBCI R27,HIGH(-@0)
          	LD   R0,X+
          	LD   R27,X
          	MOV  R26,R0
          	.ENDM
         
          	.MACRO __GETD2SX
          	MOV  R26,R28
          	MOV  R27,R29
          	SUBI R26,LOW(-@0)
          	SBCI R27,HIGH(-@0)
          	LD   R0,X+
          	LD   R1,X+
          	LD   R24,X+
          	LD   R25,X
          	MOV  R26,R0
          	MOV  R27,R1
          	.ENDM
         
          	.MACRO __GETBRSX
          	MOV  R30,R28
          	MOV  R31,R29
          	SUBI R30,LOW(-@1)
          	SBCI R31,HIGH(-@1)
          	LD   R@0,Z
          	.ENDM
         
          	.MACRO __GETWRSX
          	MOV  R30,R28
          	MOV  R31,R29
          	SUBI R30,LOW(-@2)
          	SBCI R31,HIGH(-@2)
          	LD   R@0,Z+
          	LD   R@1,Z
          	.ENDM
         
          	.MACRO __LSLW8SX
          	MOV  R30,R28
          	MOV  R31,R29
          	SUBI R30,LOW(-@0)
          	SBCI R31,HIGH(-@0)
          	LD   R31,Z
          	CLR  R30
          	.ENDM
         
          	.MACRO __PUTB1SX
          	MOV  R26,R28
          	MOV  R27,R29
          	SUBI R26,LOW(-@0)
          	SBCI R27,HIGH(-@0)
          	ST   X,R30
          	.ENDM
         
          	.MACRO __PUTW1SX
          	MOV  R26,R28
          	MOV  R27,R29
          	SUBI R26,LOW(-@0)
          	SBCI R27,HIGH(-@0)
          	ST   X+,R30
          	ST   X,R31
          	.ENDM
         
          	.MACRO __PUTD1SX
          	MOV  R26,R28
          	MOV  R27,R29
          	SUBI R26,LOW(-@0)
          	SBCI R27,HIGH(-@0)
          	ST   X+,R30
          	ST   X+,R31
          	ST   X+,R22
          	ST   X,R23
          	.ENDM
         
          	.MACRO __CLRW1SX
          	MOV  R30,R28
          	MOV  R31,R29
          	SUBI R30,LOW(-@0)
          	SBCI R31,HIGH(-@0)
          	CLR  R0
          	ST   Z+,R0
          	ST   Z,R0
          	.ENDM
         
          	.MACRO __CLRD1SX
          	MOV  R30,R28
          	MOV  R31,R29
          	SUBI R30,LOW(-@0)
          	SBCI R31,HIGH(-@0)
          	CLR  R0
          	ST   Z+,R0
          	ST   Z+,R0
          	ST   Z+,R0
          	ST   Z,R0
          	.ENDM
         
          	.MACRO __PUTB2SX
          	MOV  R30,R28
          	MOV  R31,R29
          	SUBI R30,LOW(-@0)
          	SBCI R31,HIGH(-@0)
          	ST   Z,R26
          	.ENDM
         
          	.MACRO __PUTW2SX
          	MOV  R30,R28
          	MOV  R31,R29
          	SUBI R30,LOW(-@0)
          	SBCI R31,HIGH(-@0)
          	ST   Z+,R26
          	ST   Z,R27
          	.ENDM
         
          	.MACRO __PUTBSRX
          	MOV  R30,R28
          	MOV  R31,R29
          	SUBI R30,LOW(-@0)
          	SBCI R31,HIGH(-@0)
          	ST   Z,R@1
          	.ENDM
         
          	.MACRO __PUTWSRX
          	MOV  R30,R28
          	MOV  R31,R29
          	SUBI R30,LOW(-@2)
          	SBCI R31,HIGH(-@2)
          	ST   Z+,R@0
          	ST   Z,R@1
          	.ENDM
         
          	.MACRO __PUTB1SNX
          	MOV  R26,R28
          	MOV  R27,R29
          	SUBI R26,LOW(-@0)
          	SBCI R27,HIGH(-@0)
          	LD   R0,X+
          	LD   R27,X
          	MOV  R26,R0
          	SUBI R26,LOW(-@1)
          	SBCI R27,HIGH(-@1)
          	ST   X,R30
          	.ENDM
         
          	.MACRO __PUTW1SNX
          	MOV  R26,R28
          	MOV  R27,R29
          	SUBI R26,LOW(-@0)
          	SBCI R27,HIGH(-@0)
          	LD   R0,X+
          	LD   R27,X
          	MOV  R26,R0
          	SUBI R26,LOW(-@1)
          	SBCI R27,HIGH(-@1)
          	ST   X+,R30
          	ST   X,R31
          	.ENDM
         
          	.MACRO __PUTD1SNX
          	MOV  R26,R28
          	MOV  R27,R29
          	SUBI R26,LOW(-@0)
          	SBCI R27,HIGH(-@0)
          	LD   R0,X+
          	LD   R27,X
          	MOV  R26,R0
          	SUBI R26,LOW(-@1)
          	SBCI R27,HIGH(-@1)
          	ST   X+,R30
          	ST   X+,R31
          	ST   X+,R22
          	ST   X,R23
          	.ENDM
         
          	.CSEG
          	.ORG 0
         
          	.INCLUDE "Prog5.vec"
         
         ;INTERRUPT VECTORS
000000 c00a      	RJMP __RESET
000001 cffe      	RJMP 0x00
000002 cffd      	RJMP 0x00
000003 cffc      	RJMP 0x00
000004 cffb      	RJMP 0x00
000005 cffa      	RJMP 0x00
000006 cff9      	RJMP 0x00
000007 cff8      	RJMP 0x00
000008 cff7      	RJMP 0x00
000009 cff6      	RJMP 0x00
         
          	.INCLUDE "Prog5.inc"
         
          __GLOBAL_INI_TBL:
          	.DW  0
00000a 0000
         
          __RESET:
00000b 94f8      	CLI
00000c 27ee      	CLR  R30
00000d bbec      	OUT  EECR,R30
00000e bfe5      	OUT  MCUCR,R30
         
         ;DISABLE WATCHDOG
00000f e1f8      	LDI  R31,0x18
000010 b7a4      	IN   R26,MCUSR
000011 7fa7      	CBR  R26,8
000012 bfa4      	OUT  MCUSR,R26
000013 bdf1      	OUT  WDTCR,R31
000014 bde1      	OUT  WDTCR,R30
         
         ;CLEAR R2-R14
000015 e08d      	LDI  R24,13
000016 e0a2      	LDI  R26,2
          __CLEAR_REG:
000017 93ed      	ST   X+,R30
000018 958a      	DEC  R24
000019 f7e9      	BRNE __CLEAR_REG
         
         ;CLEAR SRAM
00001a e480      	LDI  R24,LOW(0x40)
00001b e6a0      	LDI  R26,0x60
          __CLEAR_SRAM:
00001c 93ed      	ST   X+,R30
00001d 958a      	DEC  R24
00001e f7e9      	BRNE __CLEAR_SRAM
         
         ;GLOBAL VARIABLES INITIALIZATION
00001f e1e4      	LDI  R30,LOW(__GLOBAL_INI_TBL*2)
000020 e0f0      	LDI  R31,HIGH(__GLOBAL_INI_TBL*2)
          __GLOBAL_INI_NEXT:
000021 95c8      	LPM
000022 9631      	ADIW R30,1
000023 2d80      	MOV  R24,R0
000024 95c8      	LPM
000025 9631      	ADIW R30,1
000026 2d90      	MOV  R25,R0
000027 9700      	SBIW R24,0
000028 f0b9      	BREQ __GLOBAL_INI_END
000029 95c8      	LPM
00002a 9631      	ADIW R30,1
00002b 2da0      	MOV  R26,R0
00002c 95c8      	LPM
00002d 9631      	ADIW R30,1
00002e 2db0      	MOV  R27,R0
00002f 95c8      	LPM
000030 9631      	ADIW R30,1
000031 2c10      	MOV  R1,R0
000032 95c8      	LPM
000033 9631      	ADIW R30,1
000034 2f6e      	MOV  R22,R30
000035 2f7f      	MOV  R23,R31
000036 2df0      	MOV  R31,R0
000037 2de1      	MOV  R30,R1
          __GLOBAL_INI_LOOP:
000038 95c8      	LPM
000039 9631      	ADIW R30,1
00003a 920d      	ST   X+,R0
00003b 9701      	SBIW R24,1
00003c f7d9      	BRNE __GLOBAL_INI_LOOP
00003d 2fe6      	MOV  R30,R22
00003e 2ff7      	MOV  R31,R23
00003f cfe1      	RJMP __GLOBAL_INI_NEXT
          __GLOBAL_INI_END:
         
         ;STACK POINTER INITIALIZATION
000040 e9ef      	LDI  R30,LOW(0x9F)
000041 bfed      	OUT  SPL,R30
         
         ;DATA STACK POINTER INITIALIZATION
000042 e7c0      	LDI  R28,LOW(0x70)
000043 e0d0      	LDI  R29,HIGH(0x70)
         
000044 c000      	RJMP _main
         
          	.ESEG
          	.ORG 0
         
          	.DSEG
          	.ORG 0x70
         ;       1 /*****************************************************
         ;       2 This program was produced by the
         ;       3 CodeWizardAVR V1.24.4 Standard
         ;       4 Automatic Program Generator
         ;       5 © Copyright 1998-2004 Pavel Haiduc, HP InfoTech s.r.l.
         ;       6 http://www.hpinfotech.com
         ;       7 e-mail:office@hpinfotech.com
         ;       8 
         ;       9 Project : Prog5
         ;      10 Version : 1
         ;      11 Date    : 06.01.2006
         ;      12 Author  : Belov                           
         ;      13 Company : Book                            
         ;      14 Comments: 
         ;      15 Пример 5
         ;      16 Бегущие огни
         ;      17 
         ;      18 
         ;      19 Chip type           : ATtiny2313
         ;      20 Clock frequency     : 4,000000 MHz
         ;      21 Memory model        : Tiny
         ;      22 External SRAM size  : 0
         ;      23 Data Stack size     : 32
         ;      24 *****************************************************/
         ;      25 
         ;      26 #include <tiny2313.h>
         ;      27 #include <delay.h>
         ;      28 
         ;      29 // Declare your global variables here
         ;      30 
         ;      31 void main(void)
         ;      32 {
         
          	.CSEG
          _main:
         ;      33 // Declare your local variables here
         ;      34 unsigned char rab;
         ;      35 
         ;      36 // Crystal Oscillator division factor: 1
         ;      37 CLKPR=0x80;
         ;	rab -> R16
000045 e8e0      	LDI  R30,LOW(128)
000046 d033      	RCALL SUBOPT_0x0
         ;      38 CLKPR=0x00;
000047 d032      	RCALL SUBOPT_0x0
         ;      39 
         ;      40 // Input/Output Ports initialization
         ;      41 // Port A initialization
         ;      42 // Func2=In Func1=In Func0=In 
         ;      43 // State2=T State1=T State0=T 
         ;      44 PORTA=0x00;
000048 bbeb      	OUT  0x1B,R30
         ;      45 DDRA=0x00;
000049 e0e0      	LDI  R30,LOW(0)
00004a bbea      	OUT  0x1A,R30
         ;      46 
         ;      47 // Port B initialization
         ;      48 // Func7=Out Func6=Out Func5=Out Func4=Out Func3=Out Func2=Out Func1=Out Func0=Out 
         ;      49 // State7=1 State6=1 State5=1 State4=1 State3=1 State2=1 State1=1 State0=1 
         ;      50 PORTB=0xFF;
00004b efef      	LDI  R30,LOW(255)
00004c bbe8      	OUT  0x18,R30
         ;      51 DDRB=0xFF;
00004d bbe7      	OUT  0x17,R30
         ;      52 
         ;      53 // Port D initialization
         ;      54 // Func6=In Func5=In Func4=In Func3=In Func2=In Func1=In Func0=In 
         ;      55 // State6=P State5=P State4=P State3=P State2=P State1=P State0=P 
         ;      56 PORTD=0x7F;
00004e e7ef      	LDI  R30,LOW(127)
00004f bbe2      	OUT  0x12,R30
         ;      57 DDRD=0x00;
000050 e0e0      	LDI  R30,LOW(0)
000051 bbe1      	OUT  0x11,R30
         ;      58 
         ;      59 // Timer/Counter 0 initialization
         ;      60 // Clock source: System Clock
         ;      61 // Clock value: Timer 0 Stopped
         ;      62 // Mode: Normal top=FFh
         ;      63 // OC0A output: Disconnected
         ;      64 // OC0B output: Disconnected
         ;      65 TCCR0A=0x00;
000052 bfe0      	OUT  0x30,R30
         ;      66 TCCR0B=0x00;
000053 bfe3      	OUT  0x33,R30
         ;      67 TCNT0=0x00;
000054 bfe2      	OUT  0x32,R30
         ;      68 OCR0A=0x00;
000055 bfe6      	OUT  0x36,R30
         ;      69 OCR0B=0x00;
000056 bfec      	OUT  0x3C,R30
         ;      70 
         ;      71 // Timer/Counter 1 initialization
         ;      72 // Clock source: System Clock
         ;      73 // Clock value: Timer 1 Stopped
         ;      74 // Mode: Normal top=FFFFh
         ;      75 // OC1A output: Discon.
         ;      76 // OC1B output: Discon.
         ;      77 // Noise Canceler: Off
         ;      78 // Input Capture on Falling Edge
         ;      79 TCCR1A=0x00;
000057 bdef      	OUT  0x2F,R30
         ;      80 TCCR1B=0x00;
000058 bdee      	OUT  0x2E,R30
         ;      81 TCNT1H=0x00;
000059 bded      	OUT  0x2D,R30
         ;      82 TCNT1L=0x00;
00005a bdec      	OUT  0x2C,R30
         ;      83 ICR1H=0x00;
00005b bde5      	OUT  0x25,R30
         ;      84 ICR1L=0x00;
00005c bde4      	OUT  0x24,R30
         ;      85 OCR1AH=0x00;
00005d bdeb      	OUT  0x2B,R30
         ;      86 OCR1AL=0x00;
00005e bdea      	OUT  0x2A,R30
         ;      87 OCR1BH=0x00;
00005f bde9      	OUT  0x29,R30
         ;      88 OCR1BL=0x00;
000060 bde8      	OUT  0x28,R30
         ;      89 
         ;      90 // External Interrupt(s) initialization
         ;      91 // INT0: Off
         ;      92 // INT1: Off
         ;      93 // Interrupt on any change on pins PCINT0-7: Off
         ;      94 GIMSK=0x00;
000061 bfeb      	OUT  0x3B,R30
         ;      95 MCUCR=0x00;
000062 bfe5      	OUT  0x35,R30
         ;      96 
         ;      97 // Timer(s)/Counter(s) Interrupt(s) initialization
         ;      98 TIMSK=0x00;
000063 bfe9      	OUT  0x39,R30
         ;      99 
         ;     100 // Universal Serial Interface initialization
         ;     101 // Mode: Disabled
         ;     102 // Clock source: Register & Counter=no clk.
         ;     103 // USI Counter Overflow Interrupt: Off
         ;     104 USICR=0x00;
000064 b9ed      	OUT  0xD,R30
         ;     105 
         ;     106 // Analog Comparator initialization
         ;     107 // Analog Comparator: Off
         ;     108 // Analog Comparator Input Capture by Timer/Counter 1: Off
         ;     109 ACSR=0x80;
000065 e8e0      	LDI  R30,LOW(128)
000066 b9e8      	OUT  0x8,R30
         ;     110 
         ;     111 while (1)
          _0x3:
         ;     112    {
         ;     113    if (PIND.0==1)  // Проверка состояния переключателя
000067 9b80      	SBIS 0x10,0
000068 c008      	RJMP _0x6
         ;     114      { 
         ;     115      rab = 0b10000000;  // Сдвиг вправо
000069 e800      	LDI  R16,LOW(128)
         ;     116      while (rab!=0) 
          _0x7:
00006a 3000      	CPI  R16,0
00006b f021      	BREQ _0x9
         ;     117         { 
         ;     118           PORTB=rab^0xFF;  // Запись в порт с инверсией
00006c d010      	RCALL SUBOPT_0x1
         ;     119           rab = rab >> 1;  // Сдвиг разрядов
00006d 9506      	LSR  R16
         ;     120           delay_ms (200);  // Задержка на 200 мсек
00006e d012      	RCALL SUBOPT_0x2
         ;     121         }  
00006f cffa      	RJMP _0x7
          _0x9:
         ;     122      }  
         ;     123    else
000070 c007      	RJMP _0xA
          _0x6:
         ;     124      { 
         ;     125      rab = 0b00000001;  // Сдвиг влево
000071 e001      	LDI  R16,LOW(1)
         ;     126      while (rab!=0)
          _0xB:
000072 3000      	CPI  R16,0
000073 f021      	BREQ _0xD
         ;     127         { 
         ;     128           PORTB=rab^0xFF;  // Запись в порт с инверсией
000074 d008      	RCALL SUBOPT_0x1
         ;     129           rab = rab << 1;  // Сдвиг разрядов
000075 0f00      	LSL  R16
         ;     130           delay_ms (200);  // Задержка на 200 мсек
000076 d00a      	RCALL SUBOPT_0x2
         ;     131         }  
000077 cffa      	RJMP _0xB
          _0xD:
         ;     132      }
          _0xA:
         ;     133    };
000078 cfee      	RJMP _0x3
         ;     134 }
          _0xE:
000079 cfff      	RJMP _0xE
         
         
         ;OPTIMIZER ADDED SUBROUTINE, CALLED 2 TIMES
          SUBOPT_0x0:
00007a bde6      	OUT  0x26,R30
00007b e0e0      	LDI  R30,LOW(0)
00007c 9508      	RET
         
         ;OPTIMIZER ADDED SUBROUTINE, CALLED 2 TIMES
          SUBOPT_0x1:
00007d efef      	LDI  R30,LOW(255)
00007e 27e0      	EOR  R30,R16
00007f bbe8      	OUT  0x18,R30
000080 9508      	RET
         
         ;OPTIMIZER ADDED SUBROUTINE, CALLED 2 TIMES
          SUBOPT_0x2:
000081 ece8      	LDI  R30,LOW(200)
000082 e0f0      	LDI  R31,HIGH(200)
000083 93fa      	ST   -Y,R31
000084 93ea      	ST   -Y,R30
000085 c000      	RJMP _delay_ms
         
          _delay_ms:
000086 91e9      	ld   r30,y+
000087 91f9      	ld   r31,y+
000088 9630      	adiw r30,0
000089 f039      	breq __delay_ms1
          __delay_ms0:
00008a   +  	__DELAY_USW 0x3E8
00008e 95a8      	wdr
00008f 9731      	sbiw r30,1
000090 f7c9      	brne __delay_ms0
          __delay_ms1:
000091 9508      	ret
         
         ;END OF CODE MARKER
          __END_OF_CODE:

Assembly complete with no errors.
