
AVRASM ver. 2.1.2  C:\AVR\Book3\Tiny2313\asm\Prog9\Prog9.asm Wed Mar 22 21:13:22 2006

C:\AVR\Book3\Tiny2313\asm\Prog9\Prog9.asm(11): Including file 'C:\Program Files\Atmel\AVR Tools\AvrAssembler2\Appnotes\tn2313def.inc'
                 
                 
                 ;##                                          ##
                 ;##                Пример 9                  ##
                 ;##          Музыкальная шкатулка            ##
                 ;##                                          ##
                 ;##############################################
                 
                 
                 ;------------------------- Псевдокоманды управления
                 
                 .include "tn2313def.inc"	; Присоединение файла описаний
                 
                 ;***** Created: 2005-11-04 09:37 ******* Source: ATtiny2313.xml **********
                 ;*************************************************************************
                 ;* A P P L I C A T I O N   N O T E   F O R   T H E   A V R   F A M I L Y
                 ;* 
                 ;* Number            : AVR000
                 ;* File Name         : "tn2313def.inc"
                 ;* Title             : Register/Bit Definitions for the ATtiny2313
                 ;* Date              : 2005-11-04
                 ;* Version           : 2.21
                 ;* Support E-mail    : avr@atmel.com
                 ;* Target MCU        : ATtiny2313
                 ;* 
                 ;* DESCRIPTION
                 ;* When including this file in the assembly program file, all I/O register 
                 ;* names and I/O register bit names appearing in the data book can be used.
                 ;* In addition, the six registers forming the three data pointers X, Y and 
                 ;* Z have been assigned names XL - ZH. Highest RAM address for Internal 
                 ;* SRAM is also defined 
                 ;* 
                 ;* The Register names are represented by their hexadecimal address.
                 ;* 
                 ;* The Register Bit names are represented by their bit number (0-7).
                 ;* 
                 ;* Please observe the difference in using the bit names with instructions
                 ;* such as "sbr"/"cbr" (set/clear bit in register) and "sbrs"/"sbrc"
                 ;* (skip if bit in register set/cleared). The following example illustrates
                 ;* this:
                 ;* 
                 ;* in    r16,PORTB             ;read PORTB latch
                 ;* sbr   r16,(1<<PB6)+(1<<PB5) ;set PB6 and PB5 (use masks, not bit#)
                 ;* out   PORTB,r16             ;output to PORTB
                 ;* 
                 ;* in    r16,TIFR              ;read the Timer Interrupt Flag Register
                 ;* sbrc  r16,TOV0              ;test the overflow flag (use bit#)
                 ;* rjmp  TOV0_is_set           ;jump if set
                 ;* ...                         ;otherwise do something else
                 ;*************************************************************************
                 
                 #ifndef _TN2313DEF_INC_
                 #define _TN2313DEF_INC_
                 
                 
                 #pragma partinc 0
                 
                 ; ***** SPECIFY DEVICE ***************************************************
                 .device ATtiny2313
                 #pragma AVRPART ADMIN PART_NAME ATtiny2313
                 .equ	SIGNATURE_000	= 0x1e
                 .equ	SIGNATURE_001	= 0x91
                 .equ	SIGNATURE_002	= 0x0a
                 
                 #pragma AVRPART CORE CORE_VERSION V2
                 #pragma AVRPART CORE NEW_INSTRUCTIONS lpm rd,z+
                 
                 
                 ; ***** I/O REGISTER DEFINITIONS *****************************************
                 ; NOTE:
                 ; Definitions marked "MEMORY MAPPED"are extended I/O ports
                 ; and cannot be used with IN/OUT instructions
                 .equ	SREG	= 0x3f
                 .equ	SPL	= 0x3d
                 .equ	OCR0B	= 0x3c
                 .equ	GIMSK	= 0x3b
                 .equ	EIFR	= 0x3a
                 .equ	TIMSK	= 0x39
                 .equ	TIFR	= 0x38
                 .equ	SPMCSR	= 0x37
                 .equ	OCR0A	= 0x36
                 .equ	MCUCR	= 0x35
                 .equ	MCUSR	= 0x34
                 .equ	TCCR0B	= 0x33
                 .equ	TCNT0	= 0x32
                 .equ	OSCCAL	= 0x31
                 .equ	TCCR0A	= 0x30
                 .equ	TCCR1A	= 0x2f
                 .equ	TCCR1B	= 0x2e
                 .equ	TCNT1L	= 0x2c
                 .equ	TCNT1H	= 0x2d
                 .equ	OCR1AL	= 0x2a
                 .equ	OCR1AH	= 0x2b
                 .equ	OCR1BL	= 0x28
                 .equ	OCR1BH	= 0x29
                 .equ	CLKPR	= 0x26
                 .equ	ICR1L	= 0x24
                 .equ	ICR1H	= 0x25
                 .equ	GTCCR	= 0x23
                 .equ	TCCR1C	= 0x22
                 .equ	WDTCR	= 0x21
                 .equ	PCMSK	= 0x20
                 .equ	EEAR	= 0x1e
                 .equ	EEDR	= 0x1d
                 .equ	EECR	= 0x1c
                 .equ	PORTA	= 0x1b
                 .equ	DDRA	= 0x1a
                 .equ	PINA	= 0x19
                 .equ	PORTB	= 0x18
                 .equ	DDRB	= 0x17
                 .equ	PINB	= 0x16
                 .equ	GPIOR2	= 0x15
                 .equ	GPIOR1	= 0x14
                 .equ	GPIOR0	= 0x13
                 .equ	PORTD	= 0x12
                 .equ	DDRD	= 0x11
                 .equ	PIND	= 0x10
                 .equ	USIDR	= 0x0f
                 .equ	USISR	= 0x0e
                 .equ	USICR	= 0x0d
                 .equ	UDR	= 0x0c
                 .equ	UCSRA	= 0x0b
                 .equ	UCSRB	= 0x0a
                 .equ	UBRRL	= 0x09
                 .equ	ACSR	= 0x08
                 .equ	UCSRC	= 0x03
                 .equ	UBRRH	= 0x02
                 .equ	DIDR	= 0x01
                 
                 
                 ; ***** BIT DEFINITIONS **************************************************
                 
                 ; ***** PORTB ************************
                 ; PORTB - Port B Data Register
                 .equ	PORTB0	= 0	; Port B Data Register bit 0
                 .equ	PB0	= 0	; For compatibility
                 .equ	PORTB1	= 1	; Port B Data Register bit 1
                 .equ	PB1	= 1	; For compatibility
                 .equ	PORTB2	= 2	; Port B Data Register bit 2
                 .equ	PB2	= 2	; For compatibility
                 .equ	PORTB3	= 3	; Port B Data Register bit 3
                 .equ	PB3	= 3	; For compatibility
                 .equ	PORTB4	= 4	; Port B Data Register bit 4
                 .equ	PB4	= 4	; For compatibility
                 .equ	PORTB5	= 5	; Port B Data Register bit 5
                 .equ	PB5	= 5	; For compatibility
                 .equ	PORTB6	= 6	; Port B Data Register bit 6
                 .equ	PB6	= 6	; For compatibility
                 .equ	PORTB7	= 7	; Port B Data Register bit 7
                 .equ	PB7	= 7	; For compatibility
                 
                 ; DDRB - Port B Data Direction Register
                 .equ	DDB0	= 0	; Port B Data Direction Register bit 0
                 .equ	DDB1	= 1	; Port B Data Direction Register bit 1
                 .equ	DDB2	= 2	; Port B Data Direction Register bit 2
                 .equ	DDB3	= 3	; Port B Data Direction Register bit 3
                 .equ	DDB4	= 4	; Port B Data Direction Register bit 4
                 .equ	DDB5	= 5	; Port B Data Direction Register bit 5
                 .equ	DDB6	= 6	; Port B Data Direction Register bit 6
                 .equ	DDB7	= 7	; Port B Data Direction Register bit 7
                 
                 ; PINB - Port B Input Pins
                 .equ	PINB0	= 0	; Port B Input Pins bit 0
                 .equ	PINB1	= 1	; Port B Input Pins bit 1
                 .equ	PINB2	= 2	; Port B Input Pins bit 2
                 .equ	PINB3	= 3	; Port B Input Pins bit 3
                 .equ	PINB4	= 4	; Port B Input Pins bit 4
                 .equ	PINB5	= 5	; Port B Input Pins bit 5
                 .equ	PINB6	= 6	; Port B Input Pins bit 6
                 .equ	PINB7	= 7	; Port B Input Pins bit 7
                 
                 
                 ; ***** TIMER_COUNTER_0 **************
                 ; TIMSK - Timer/Counter Interrupt Mask Register
                 .equ	OCIE0A	= 0	; Timer/Counter0 Output Compare Match A Interrupt Enable
                 .equ	TOIE0	= 1	; Timer/Counter0 Overflow Interrupt Enable
                 .equ	OCIE0B	= 2	; Timer/Counter0 Output Compare Match B Interrupt Enable
                 
                 ; TIFR - Timer/Counter Interrupt Flag register
                 .equ	OCF0A	= 0	; Timer/Counter0 Output Compare Flag 0A
                 .equ	TOV0	= 1	; Timer/Counter0 Overflow Flag
                 .equ	OCF0B	= 2	; Timer/Counter0 Output Compare Flag 0B
                 
                 ; OCR0B - Timer/Counter0 Output Compare Register
                 .equ	OCR0_0	= 0	; 
                 .equ	OCR0_1	= 1	; 
                 .equ	OCR0_2	= 2	; 
                 .equ	OCR0_3	= 3	; 
                 .equ	OCR0_4	= 4	; 
                 .equ	OCR0_5	= 5	; 
                 .equ	OCR0_6	= 6	; 
                 .equ	OCR0_7	= 7	; 
                 
                 ; OCR0A - Timer/Counter0 Output Compare Register
                 ;.equ	OCR0_0	= 0	; 
                 ;.equ	OCR0_1	= 1	; 
                 ;.equ	OCR0_2	= 2	; 
                 ;.equ	OCR0_3	= 3	; 
                 ;.equ	OCR0_4	= 4	; 
                 ;.equ	OCR0_5	= 5	; 
                 ;.equ	OCR0_6	= 6	; 
                 ;.equ	OCR0_7	= 7	; 
                 
                 ; TCCR0A - Timer/Counter  Control Register A
                 .equ	WGM00	= 0	; Waveform Generation Mode
                 .equ	WGM01	= 1	; Waveform Generation Mode
                 .equ	COM0B0	= 4	; Compare Match Output B Mode
                 .equ	COM0B1	= 5	; Compare Match Output B Mode
                 .equ	COM0A0	= 6	; Compare Match Output A Mode
                 .equ	COM0A1	= 7	; Compare Match Output A Mode
                 
                 ; TCNT0 - Timer/Counter0
                 .equ	TCNT0_0	= 0	; 
                 .equ	TCNT0_1	= 1	; 
                 .equ	TCNT0_2	= 2	; 
                 .equ	TCNT0_3	= 3	; 
                 .equ	TCNT0_4	= 4	; 
                 .equ	TCNT0_5	= 5	; 
                 .equ	TCNT0_6	= 6	; 
                 .equ	TCNT0_7	= 7	; 
                 
                 ; TCCR0B - Timer/Counter Control Register B
                 .equ	TCCR0	= TCCR0B	; For compatibility
                 .equ	CS00	= 0	; Clock Select
                 .equ	CS01	= 1	; Clock Select
                 .equ	CS02	= 2	; Clock Select
                 .equ	WGM02	= 3	; 
                 .equ	FOC0B	= 6	; Force Output Compare B
                 .equ	FOC0A	= 7	; Force Output Compare B
                 
                 
                 ; ***** TIMER_COUNTER_1 **************
                 ; TIMSK - Timer/Counter Interrupt Mask Register
                 .equ	ICIE1	= 3	; Timer/Counter1 Input Capture Interrupt Enable
                 .equ	TICIE	= ICIE1	; For compatibility
                 .equ	OCIE1B	= 5	; Timer/Counter1 Output CompareB Match Interrupt Enable
                 .equ	OCIE1A	= 6	; Timer/Counter1 Output CompareA Match Interrupt Enable
                 .equ	TOIE1	= 7	; Timer/Counter1 Overflow Interrupt Enable
                 
                 ; TIFR - Timer/Counter Interrupt Flag register
                 .equ	ICF1	= 3	; Input Capture Flag 1
                 .equ	OCF1B	= 5	; Output Compare Flag 1B
                 .equ	OCF1A	= 6	; Output Compare Flag 1A
                 .equ	TOV1	= 7	; Timer/Counter1 Overflow Flag
                 
                 ; TCCR1A - Timer/Counter1 Control Register A
                 .equ	WGM10	= 0	; Pulse Width Modulator Select Bit 0
                 .equ	PWM10	= WGM10	; For compatibility
                 .equ	WGM11	= 1	; Pulse Width Modulator Select Bit 1
                 .equ	PWM11	= WGM11	; For compatibility
                 .equ	COM1B0	= 4	; Comparet Ouput Mode 1B, bit 0
                 .equ	COM1B1	= 5	; Compare Output Mode 1B, bit 1
                 .equ	COM1A0	= 6	; Comparet Ouput Mode 1A, bit 0
                 .equ	COM1A1	= 7	; Compare Output Mode 1A, bit 1
                 
                 ; TCCR1B - Timer/Counter1 Control Register B
                 .equ	CS10	= 0	; Clock Select bit 0
                 .equ	CS11	= 1	; Clock Select 1 bit 1
                 .equ	CS12	= 2	; Clock Select1 bit 2
                 .equ	WGM12	= 3	; Waveform Generation Mode Bit 2
                 .equ	CTC1	= WGM12	; For compatibility
                 .equ	WGM13	= 4	; Waveform Generation Mode Bit 3
                 .equ	ICES1	= 6	; Input Capture 1 Edge Select
                 .equ	ICNC1	= 7	; Input Capture 1 Noise Canceler
                 
                 ; TCCR1C - Timer/Counter1 Control Register C
                 .equ	FOC1B	= 6	; Force Output Compare for Channel B
                 .equ	FOC1A	= 7	; Force Output Compare for Channel A
                 
                 
                 ; ***** WATCHDOG *********************
                 ; WDTCR - Watchdog Timer Control Register
                 .equ	WDTCSR	= WDTCR	; For compatibility
                 .equ	WDP0	= 0	; Watch Dog Timer Prescaler bit 0
                 .equ	WDP1	= 1	; Watch Dog Timer Prescaler bit 1
                 .equ	WDP2	= 2	; Watch Dog Timer Prescaler bit 2
                 .equ	WDE	= 3	; Watch Dog Enable
                 .equ	WDCE	= 4	; Watchdog Change Enable
                 .equ	WDTOE	= WDCE	; For compatibility
                 .equ	WDP3	= 5	; Watchdog Timer Prescaler Bit 3
                 .equ	WDIE	= 6	; Watchdog Timeout Interrupt Enable
                 .equ	WDIF	= 7	; Watchdog Timeout Interrupt Flag
                 
                 
                 ; ***** EXTERNAL_INTERRUPT ***********
                 ; GIMSK - General Interrupt Mask Register
                 .equ	PCIE	= 5	; 
                 .equ	INT0	= 6	; External Interrupt Request 0 Enable
                 .equ	INT1	= 7	; External Interrupt Request 1 Enable
                 
                 ; EIFR - Extended Interrupt Flag Register
                 .equ	GIFR	= EIFR	; For compatibility
                 .equ	PCIF	= 5	; 
                 .equ	INTF0	= 6	; External Interrupt Flag 0
                 .equ	INTF1	= 7	; External Interrupt Flag 1
                 
                 
                 ; ***** USART ************************
                 ; UDR - USART I/O Data Register
                 .equ	UDR0	= 0	; USART I/O Data Register bit 0
                 .equ	UDR1	= 1	; USART I/O Data Register bit 1
                 .equ	UDR2	= 2	; USART I/O Data Register bit 2
                 .equ	UDR3	= 3	; USART I/O Data Register bit 3
                 .equ	UDR4	= 4	; USART I/O Data Register bit 4
                 .equ	UDR5	= 5	; USART I/O Data Register bit 5
                 .equ	UDR6	= 6	; USART I/O Data Register bit 6
                 .equ	UDR7	= 7	; USART I/O Data Register bit 7
                 
                 ; UCSRA - USART Control and Status Register A
                 .equ	USR	= UCSRA	; For compatibility
                 .equ	MPCM	= 0	; Multi-processor Communication Mode
                 .equ	U2X	= 1	; Double the USART Transmission Speed
                 .equ	UPE	= 2	; USART Parity Error
                 .equ	PE	= UPE	; For compatibility
                 .equ	DOR	= 3	; Data overRun
                 .equ	FE	= 4	; Framing Error
                 .equ	UDRE	= 5	; USART Data Register Empty
                 .equ	TXC	= 6	; USART Transmitt Complete
                 .equ	RXC	= 7	; USART Receive Complete
                 
                 ; UCSRB - USART Control and Status Register B
                 .equ	UCR	= UCSRB	; For compatibility
                 .equ	TXB8	= 0	; Transmit Data Bit 8
                 .equ	RXB8	= 1	; Receive Data Bit 8
                 .equ	UCSZ2	= 2	; Character Size
                 .equ	CHR9	= UCSZ2	; For compatibility
                 .equ	TXEN	= 3	; Transmitter Enable
                 .equ	RXEN	= 4	; Receiver Enable
                 .equ	UDRIE	= 5	; USART Data register Empty Interrupt Enable
                 .equ	TXCIE	= 6	; TX Complete Interrupt Enable
                 .equ	RXCIE	= 7	; RX Complete Interrupt Enable
                 
                 ; UCSRC - USART Control and Status Register C
                 .equ	UCPOL	= 0	; Clock Polarity
                 .equ	UCSZ0	= 1	; Character Size Bit 0
                 .equ	UCSZ1	= 2	; Character Size Bit 1
                 .equ	USBS	= 3	; Stop Bit Select
                 .equ	UPM0	= 4	; Parity Mode Bit 0
                 .equ	UPM1	= 5	; Parity Mode Bit 1
                 .equ	UMSEL	= 6	; USART Mode Select
                 
                 .equ	UBRR	= UBRRL	; For compatibility
                 
                 ; ***** ANALOG_COMPARATOR ************
                 ; ACSR - Analog Comparator Control And Status Register
                 .equ	ACIS0	= 0	; Analog Comparator Interrupt Mode Select bit 0
                 .equ	ACIS1	= 1	; Analog Comparator Interrupt Mode Select bit 1
                 .equ	ACIC	= 2	; 
                 .equ	ACIE	= 3	; Analog Comparator Interrupt Enable
                 .equ	ACI	= 4	; Analog Comparator Interrupt Flag
                 .equ	ACO	= 5	; Analog Compare Output
                 .equ	ACBG	= 6	; Analog Comparator Bandgap Select
                 .equ	ACD	= 7	; Analog Comparator Disable
                 
                 ; DIDR - Digital Input Disable Register 1
                 .equ	AIN0D	= 0	; AIN0 Digital Input Disable
                 .equ	AIN1D	= 1	; AIN1 Digital Input Disable
                 
                 
                 ; ***** PORTD ************************
                 ; PORTD - Data Register, Port D
                 .equ	PORTD0	= 0	; 
                 .equ	PD0	= 0	; For compatibility
                 .equ	PORTD1	= 1	; 
                 .equ	PD1	= 1	; For compatibility
                 .equ	PORTD2	= 2	; 
                 .equ	PD2	= 2	; For compatibility
                 .equ	PORTD3	= 3	; 
                 .equ	PD3	= 3	; For compatibility
                 .equ	PORTD4	= 4	; 
                 .equ	PD4	= 4	; For compatibility
                 .equ	PORTD5	= 5	; 
                 .equ	PD5	= 5	; For compatibility
                 .equ	PORTD6	= 6	; 
                 .equ	PD6	= 6	; For compatibility
                 
                 ; DDRD
                 .equ	DDD0	= 0	; 
                 .equ	DDD1	= 1	; 
                 .equ	DDD2	= 2	; 
                 .equ	DDD3	= 3	; 
                 .equ	DDD4	= 4	; 
                 .equ	DDD5	= 5	; 
                 .equ	DDD6	= 6	; 
                 
                 ; PIND - Input Pins, Port D
                 .equ	PIND0	= 0	; 
                 .equ	PIND1	= 1	; 
                 .equ	PIND2	= 2	; 
                 .equ	PIND3	= 3	; 
                 .equ	PIND4	= 4	; 
                 .equ	PIND5	= 5	; 
                 .equ	PIND6	= 6	; 
                 
                 
                 ; ***** EEPROM ***********************
                 ; EEAR - EEPROM Read/Write Access
                 .equ	EEARL	= EEAR	; For compatibility
                 .equ	EEAR0	= 0	; EEPROM Read/Write Access bit 0
                 .equ	EEAR1	= 1	; EEPROM Read/Write Access bit 1
                 .equ	EEAR2	= 2	; EEPROM Read/Write Access bit 2
                 .equ	EEAR3	= 3	; EEPROM Read/Write Access bit 3
                 .equ	EEAR4	= 4	; EEPROM Read/Write Access bit 4
                 .equ	EEAR5	= 5	; EEPROM Read/Write Access bit 5
                 .equ	EEAR6	= 6	; EEPROM Read/Write Access bit 6
                 
                 ; EEDR - EEPROM Data Register
                 .equ	EEDR0	= 0	; EEPROM Data Register bit 0
                 .equ	EEDR1	= 1	; EEPROM Data Register bit 1
                 .equ	EEDR2	= 2	; EEPROM Data Register bit 2
                 .equ	EEDR3	= 3	; EEPROM Data Register bit 3
                 .equ	EEDR4	= 4	; EEPROM Data Register bit 4
                 .equ	EEDR5	= 5	; EEPROM Data Register bit 5
                 .equ	EEDR6	= 6	; EEPROM Data Register bit 6
                 .equ	EEDR7	= 7	; EEPROM Data Register bit 7
                 
                 ; EECR - EEPROM Control Register
                 .equ	EERE	= 0	; EEPROM Read Enable
                 .equ	EEPE	= 1	; EEPROM Write Enable
                 .equ	EEWE	= EEPE	; For compatibility
                 .equ	EEMPE	= 2	; EEPROM Master Write Enable
                 .equ	EEMWE	= EEMPE	; For compatibility
                 .equ	EERIE	= 3	; EEProm Ready Interrupt Enable
                 .equ	EEPM0	= 4	; 
                 .equ	EEPM1	= 5	; 
                 
                 
                 ; ***** PORTA ************************
                 ; PORTA - Port A Data Register
                 .equ	PORTA0	= 0	; Port A Data Register bit 0
                 .equ	PA0	= 0	; For compatibility
                 .equ	PORTA1	= 1	; Port A Data Register bit 1
                 .equ	PA1	= 1	; For compatibility
                 .equ	PORTA2	= 2	; Port A Data Register bit 2
                 .equ	PA2	= 2	; For compatibility
                 
                 ; DDRA - Port A Data Direction Register
                 .equ	DDA0	= 0	; Data Direction Register, Port A, bit 0
                 .equ	DDA1	= 1	; Data Direction Register, Port A, bit 1
                 .equ	DDA2	= 2	; Data Direction Register, Port A, bit 2
                 
                 ; PINA - Port A Input Pins
                 .equ	PINA0	= 0	; Input Pins, Port A bit 0
                 .equ	PINA1	= 1	; Input Pins, Port A bit 1
                 .equ	PINA2	= 2	; Input Pins, Port A bit 2
                 
                 
                 ; ***** CPU **************************
                 ; SREG - Status Register
                 .equ	SREG_C	= 0	; Carry Flag
                 .equ	SREG_Z	= 1	; Zero Flag
                 .equ	SREG_N	= 2	; Negative Flag
                 .equ	SREG_V	= 3	; Two's Complement Overflow Flag
                 .equ	SREG_S	= 4	; Sign Bit
                 .equ	SREG_H	= 5	; Half Carry Flag
                 .equ	SREG_T	= 6	; Bit Copy Storage
                 .equ	SREG_I	= 7	; Global Interrupt Enable
                 
                 ; SPMCSR - Store Program Memory Control and Status register
                 .equ	SPMEN	= 0	; Store Program Memory Enable
                 .equ	PGERS	= 1	; Page Erase
                 .equ	PGWRT	= 2	; Page Write
                 .equ	RFLB	= 3	; Read Fuse and Lock Bits
                 .equ	CTPB	= 4
                 
                 ; MCUCR - MCU Control Register
                 .equ	ISC00	= 0	; Interrupt Sense Control 0 bit 0
                 .equ	ISC01	= 1	; Interrupt Sense Control 0 bit 1
                 .equ	ISC10	= 2	; Interrupt Sense Control 1 bit 0
                 .equ	ISC11	= 3	; Interrupt Sense Control 1 bit 1
                 .equ	SM0	= 4	; Sleep Mode Select Bit 0
                 .equ	SM	= SM0	; For compatibility
                 .equ	SE	= 5	; Sleep Enable
                 .equ	SM1	= 6	; Sleep Mode Select Bit 1
                 .equ	PUD	= 7	; Pull-up Disable
                 
                 ; CLKPR - Clock Prescale Register
                 .equ	CLKPS0	= 0	; Clock Prescaler Select Bit 0
                 .equ	CLKPS1	= 1	; Clock Prescaler Select Bit 1
                 .equ	CLKPS2	= 2	; Clock Prescaler Select Bit 2
                 .equ	CLKPS3	= 3	; Clock Prescaler Select Bit 3
                 .equ	CLKPCE	= 7	; Clock Prescaler Change Enable
                 
                 ; MCUSR - MCU Status register
                 .equ	PORF	= 0	; Power-On Reset Flag
                 .equ	EXTRF	= 1	; External Reset Flag
                 .equ	BORF	= 2	; Brown-out Reset Flag
                 .equ	WDRF	= 3	; Watchdog Reset Flag
                 
                 ; OSCCAL - Oscillator Calibration Register
                 .equ	CAL0	= 0	; Oscillatro Calibration Value Bit 0
                 .equ	CAL1	= 1	; Oscillatro Calibration Value Bit 1
                 .equ	CAL2	= 2	; Oscillatro Calibration Value Bit 2
                 .equ	CAL3	= 3	; Oscillatro Calibration Value Bit 3
                 .equ	CAL4	= 4	; Oscillatro Calibration Value Bit 4
                 .equ	CAL5	= 5	; Oscillatro Calibration Value Bit 5
                 .equ	CAL6	= 6	; Oscillatro Calibration Value Bit 6
                 
                 ; GTCCR - General Timer Counter Control Register
                 .equ	SFIOR	= GTCCR	; For compatibility
                 .equ	PSR10	= 0	; 
                 
                 ; PCMSK - Pin-Change Mask register
                 .equ	PCINT0	= 0	; Pin-Change Interrupt 0
                 .equ	PCINT1	= 1	; Pin-Change Interrupt 1
                 .equ	PCINT2	= 2	; Pin-Change Interrupt 2
                 .equ	PCINT3	= 3	; Pin-Change Interrupt 3
                 .equ	PCINT4	= 4	; Pin-Change Interrupt 4
                 .equ	PCINT5	= 5	; Pin-Change Interrupt 5
                 .equ	PCINT6	= 6	; Pin-Change Interrupt 6
                 .equ	PCINT7	= 7	; Pin-Change Interrupt 7
                 
                 ; GPIOR2 - General Purpose I/O Register 2
                 .equ	GPIOR20	= 0	; General Purpose I/O Register 2 bit 0
                 .equ	GPIOR21	= 1	; General Purpose I/O Register 2 bit 1
                 .equ	GPIOR22	= 2	; General Purpose I/O Register 2 bit 2
                 .equ	GPIOR23	= 3	; General Purpose I/O Register 2 bit 3
                 .equ	GPIOR24	= 4	; General Purpose I/O Register 2 bit 4
                 .equ	GPIOR25	= 5	; General Purpose I/O Register 2 bit 5
                 .equ	GPIOR26	= 6	; General Purpose I/O Register 2 bit 6
                 .equ	GPIOR27	= 7	; General Purpose I/O Register 2 bit 7
                 
                 ; GPIOR1 - General Purpose I/O Register 1
                 .equ	GPIOR10	= 0	; General Purpose I/O Register 1 bit 0
                 .equ	GPIOR11	= 1	; General Purpose I/O Register 1 bit 1
                 .equ	GPIOR12	= 2	; General Purpose I/O Register 1 bit 2
                 .equ	GPIOR13	= 3	; General Purpose I/O Register 1 bit 3
                 .equ	GPIOR14	= 4	; General Purpose I/O Register 1 bit 4
                 .equ	GPIOR15	= 5	; General Purpose I/O Register 1 bit 5
                 .equ	GPIOR16	= 6	; General Purpose I/O Register 1 bit 6
                 .equ	GPIOR17	= 7	; General Purpose I/O Register 1 bit 7
                 
                 ; GPIOR0 - General Purpose I/O Register 0
                 .equ	GPIOR00	= 0	; General Purpose I/O Register 0 bit 0
                 .equ	GPIOR01	= 1	; General Purpose I/O Register 0 bit 1
                 .equ	GPIOR02	= 2	; General Purpose I/O Register 0 bit 2
                 .equ	GPIOR03	= 3	; General Purpose I/O Register 0 bit 3
                 .equ	GPIOR04	= 4	; General Purpose I/O Register 0 bit 4
                 .equ	GPIOR05	= 5	; General Purpose I/O Register 0 bit 5
                 .equ	GPIOR06	= 6	; General Purpose I/O Register 0 bit 6
                 .equ	GPIOR07	= 7	; General Purpose I/O Register 0 bit 7
                 
                 
                 ; ***** USI **************************
                 ; USIDR - USI Data Register
                 .equ	USIDR0	= 0	; USI Data Register bit 0
                 .equ	USIDR1	= 1	; USI Data Register bit 1
                 .equ	USIDR2	= 2	; USI Data Register bit 2
                 .equ	USIDR3	= 3	; USI Data Register bit 3
                 .equ	USIDR4	= 4	; USI Data Register bit 4
                 .equ	USIDR5	= 5	; USI Data Register bit 5
                 .equ	USIDR6	= 6	; USI Data Register bit 6
                 .equ	USIDR7	= 7	; USI Data Register bit 7
                 
                 ; USISR - USI Status Register
                 .equ	USICNT0	= 0	; USI Counter Value Bit 0
                 .equ	USICNT1	= 1	; USI Counter Value Bit 1
                 .equ	USICNT2	= 2	; USI Counter Value Bit 2
                 .equ	USICNT3	= 3	; USI Counter Value Bit 3
                 .equ	USIDC	= 4	; Data Output Collision
                 .equ	USIPF	= 5	; Stop Condition Flag
                 .equ	USIOIF	= 6	; Counter Overflow Interrupt Flag
                 .equ	USISIF	= 7	; Start Condition Interrupt Flag
                 
                 ; USICR - USI Control Register
                 .equ	USITC	= 0	; Toggle Clock Port Pin
                 .equ	USICLK	= 1	; Clock Strobe
                 .equ	USICS0	= 2	; USI Clock Source Select Bit 0
                 .equ	USICS1	= 3	; USI Clock Source Select Bit 1
                 .equ	USIWM0	= 4	; USI Wire Mode Bit 0
                 .equ	USIWM1	= 5	; USI Wire Mode Bit 1
                 .equ	USIOIE	= 6	; Counter Overflow Interrupt Enable
                 .equ	USISIE	= 7	; Start Condition Interrupt Enable
                 
                 
                 
                 ; ***** LOCKSBITS ********************************************************
                 .equ	LB1	= 0	; Lockbit
                 .equ	LB2	= 1	; Lockbit
                 
                 
                 ; ***** FUSES ************************************************************
                 ; LOW fuse bits
                 .equ	CKSEL0	= 0	; Select Clock Source
                 .equ	CKSEL1	= 1	; Select Clock Source
                 .equ	CKSEL2	= 2	; Select Clock Source
                 .equ	CKSEL3	= 3	; Select Clock Source
                 .equ	SUT0	= 4	; Select start-up time
                 .equ	SUT1	= 5	; Select start-up time
                 .equ	CKOUT	= 6	; Clock output
                 .equ	CKDIV8	= 7	; Divide clock by 8
                 
                 ; HIGH fuse bits
                 .equ	BODLEVEL0	= 0	; Brown-out Detector trigger level
                 .equ	BODLEVEL1	= 1	; Brown-out Detector trigger level
                 .equ	BODLEVEL2	= 2	; Brown-out Detector trigger level
                 .equ	EESAVE	= 3	; EEPROM memory is preserved through chip erase
                 .equ	WDTON	= 4	; Watchdog Timer Always On
                 .equ	SPIEN	= 5	; Enable Serial programming and Data Downloading
                 .equ	DWEN	= 6	; debugWIRE Enable
                 .equ	RSTDISBL	= 7	; External reset disable
                 
                 ; EXTENDED fuse bits
                 .equ	SELFPRGEN	= 0	; Self Programming Enable
                 
                 
                 
                 ; ***** CPU REGISTER DEFINITIONS *****************************************
                 .def	XH	= r27
                 .def	XL	= r26
                 .def	YH	= r29
                 .def	YL	= r28
                 .def	ZH	= r31
                 .def	ZL	= r30
                 
                 
                 
                 ; ***** DATA MEMORY DECLARATIONS *****************************************
                 .equ	FLASHEND	= 0x03ff	; Note: Word address
                 .equ	IOEND	= 0x003f
                 .equ	SRAM_START	= 0x0060
                 .equ	SRAM_SIZE	= 128
                 .equ	RAMEND	= 0x00df
                 .equ	XRAMEND	= 0x0000
                 .equ	E2END	= 0x007f
                 .equ	EEPROMEND	= 0x007f
                 .equ	EEADRBITS	= 7
                 #pragma AVRPART MEMORY PROG_FLASH 2048
                 #pragma AVRPART MEMORY EEPROM 128
                 #pragma AVRPART MEMORY INT_SRAM SIZE 128
                 #pragma AVRPART MEMORY INT_SRAM START_ADDR 0x60
                 
                 
                 
                 ; ***** BOOTLOADER DECLARATIONS ******************************************
                 .equ	NRWW_START_ADDR	= 0x0
                 .equ	NRWW_STOP_ADDR	= 0x3ff
                 .equ	RWW_START_ADDR	= 0x0
                 .equ	RWW_STOP_ADDR	= 0x0
                 .equ	PAGESIZE	= 16
                 
                 
                 
                 ; ***** INTERRUPT VECTORS ************************************************
                 .equ	INT0addr	= 0x0001	; External Interrupt Request 0
                 .equ	INT1addr	= 0x0002	; External Interrupt Request 1
                 .equ	ICP1addr	= 0x0003	; Timer/Counter1 Capture Event
                 .equ	OC1Aaddr	= 0x0004	; Timer/Counter1 Compare Match A
                 .equ	OC1addr	= 0x0004	; For compatibility
                 .equ	OVF1addr	= 0x0005	; Timer/Counter1 Overflow
                 .equ	OVF0addr	= 0x0006	; Timer/Counter0 Overflow
                 .equ	URXCaddr	= 0x0007	; USART, Rx Complete
                 .equ	URXC0addr	= 0x0007	; For compatibility
                 .equ	UDREaddr	= 0x0008	; USART Data Register Empty
                 .equ	UDRE0addr	= 0x0008	; For compatibility
                 .equ	UTXCaddr	= 0x0009	; USART, Tx Complete
                 .equ	UTXC0addr	= 0x0009	; For compatibility
                 .equ	ACIaddr	= 0x000a	; Analog Comparator
                 .equ	PCIaddr	= 0x000b	; 
                 .equ	OC1Baddr	= 0x000c	; 
                 .equ	OC0Aaddr	= 0x000d	; 
                 .equ	OC0Baddr	= 0x000e	; 
                 .equ	USI_STARTaddr	= 0x000f	; USI Start Condition
                 .equ	USI_OVFaddr	= 0x0010	; USI Overflow
                 .equ	ERDYaddr	= 0x0011	; 
                 .equ	WDTaddr	= 0x0012	; Watchdog Timer Overflow
                 
                 .equ	INT_VECTORS_SIZE	= 19	; size in words
                 
                 #endif  /* _TN2313DEF_INC_ */
                 
                 ; ***** END OF FILE ******************************************************
                 .list					; Включение листинга
                 
                 .def	temp = R16		; Вспомогательный регистр
                 .def	temp1 = R17		; Второй вспомогательный регистр
                 .def	count = R18		; Определение регистра-счетчика
                 .def	fnota = R19		; Частота текущей ноты
                 .def	dnota = R20		; Длительность текущей ноты
                 .def	loop = R21		; Ячейки для процедуры задержки
                 
                 ;------------------------- Начало программного кода
                 
                 		.cseg 			; Выбор сегмента программного кода
                 		.org	0		; Устанеовка текущего адреса на ноль
                 
000000 c012      start:	rjmp	init	; Переход на начало программы
000001 9518      		reti			; Внешнее прерывание 0
000002 9518      		reti			; Внешнее прерывание 1
000003 9518      		reti			; Прерывание по захвату таймера T1
000004 9518      		reti			; Прерывание по совпадению T1
000005 9518      		reti			; Прерывание по переполнению T1
000006 9518      		reti			; Прерывание по переполнению T0
000007 9518      		reti			; Прерывание UART прием завершен
000008 9518      		reti			; Прерывание UART регистр данных пуст
000009 9518      		reti			; Прерывание UART передача завершена
00000a 9518      		reti			; Прерывание по компаратору
00000b 9518      		reti			; Прерывание по изменению на любом контакте
00000c 9518      		reti			; Таймер/счетчик 1. Совпадение B 
00000d 9518      		reti			; Таймер/счетчик 0. Совпадение B 
00000e 9518      		reti			; Таймер/счетчик 0. Совпадение A 
00000f 9518      		reti			; USI Стартовая готовность
000010 9518      		reti			; USI Переполнение
000011 9518      		reti			; EEPROM Готовность
000012 9518      		reti			; Переполнение охранного таймера
                 
                 
                 ;******************************************************
                 ;*                                                    *
                 ;*                Модуль инициализации                *
                 ;*                                                    *
                 ;******************************************************
                 init:
                 
                 ;-------------------------- Инициализация стека
                 	
000013 ed0f      		ldi		temp, RAMEND	; Выбор адреса вершины стека 
000014 bf0d      		out		SPL, temp		; Запись его в регистр стека
                 
                 ;-------------------------- Инициализация портов В/В
                 	
000015 e008      		ldi 	temp, 0x08		; Инициализация порта PB
000016 bb08      		out		PORTB, temp
000017 bb07      		out		DDRB, temp
                 
000018 e70f      		ldi 	temp, 0x7F		; Инициализация порта PD
000019 bb02      		out		PORTD, temp
00001a e000      		ldi		temp, 0x00
00001b bb01      		out		DDRD, temp
                 
                 ;--------------------------- Инициализация (выключение) компаратора
                 
00001c e800      		ldi 	temp, 0x80
00001d b908      		out		ACSR, temp
                 
                 
                 ;--------------------------- Инициализация таймера T1
                 
00001e e009      		ldi 	temp, 0x09		; Включаем режим CTC
00001f bd0e      		out		TCCR1B, temp
000020 e000      m1:		ldi 	temp, 0x00		; Выключаем звук
000021 bd0f      		out		TCCR1A, temp
                 
                 
                 ;******************************************************
                 ;*                                                    *
                 ;*              Начало основной программы             *
                 ;*                                                    *
                 ;******************************************************
                 main:
                 
                 ;-------------------------- Вычисление номера нажатой кнопки
                 
000022 2722      		clr 	count		; Обнуление счетчика опроса клавиш
000023 b300      		in		temp, PIND	; Чтение порта D		
000024 9506      m2:		lsr 	temp		; Сдвигаем входной байт
000025 f420      		brcc 	m3			; Если текущий разряд был равен 0
000026 9523      		inc		count		; Увеличиваем показание счетчика
000027 3027      		cpi		count, 7	; Сравнение (7 - конец сканирования)
000028 f7d9      		brne	m2			; Если не конец, продолжить
000029 cff6      		rjmp	m1			; Если не одна клавиша не нажата
                 
                 ;-------------------------- Выбор мелодии
                 m3:
00002a 2fc2      		mov		YL, count		; Вычисляем адрес, где
00002b e4ea      		ldi		ZL, low(tabm*2)	; хранится начало мелодии
00002c e0f1      		ldi		ZH, high(tabm*2)
00002d d015      		rcall	addw			; К подпрограмме 16-разрядного сложения
                 
00002e 91a5      		lpm		XL, Z+			; Извлекаем адреса из таблицы
00002f 91b4      		lpm		XH, Z			; и помещаем в X
                 
                 ;--------------------------- Воспроизведение мелодии
                 
000030 2ffb      m4:		mov		ZH, XH			; Записываем в Z начало мелодии
000031 2fea      		mov		ZL, XL
                 
000032 b300      m5:		in		temp, PIND		; Читаем содержимое порт D		
000033 370f      		cpi		temp, 0x7F		; Проверяем на равенство 7FH
000034 f359      		breq	m1				; Если равно (кнопки отпущены) в начало
                 
000035 9104      		lpm		temp, Z			; Извлекаем код ноты
000036 3f0f      		cpi		temp, 0xFF		; Проверяем не конец ли мелодии
000037 f3c1      		breq	m4				; Если конец, начинаем мелодию сначала
                 
000038 710f      		andi	temp, 0x1F		; Отделяем от кода частоту
000039 2f30      		mov		fnota, temp		; Записываем в регистр частоту ноты
00003a 9105      		lpm		temp, Z+		; Еще раз берем код ноты
00003b 1f00      		rol		temp			; Сдвигаем так, что бы три старших
00003c 1f00      		rol		temp			; разряда стали младшими
00003d 1f00      		rol		temp
00003e 1f00      		rol		temp
00003f 7007      		andi	temp, 0x07		; Извлекаем код длительности задержки
000040 2f40      		mov		dnota, temp		; Помещаеем ее в ячейку длительности
                 
000041 d008      		rcall	nota			; К подпрограмме воспроизведения ноты
                 
000042 cfef      		rjmp	m5				; В начало цикла (следующая нота)
                 
                 
                 
                 
                 
                 ;******************************************************
                 ;*                                                    *
                 ;*          Вспомогательные подпрограммы              *
                 ;*                                                    *
                 ;******************************************************
                 
                 ; ---------------------- Подпрограмма 16-ти разрядного сложения
000043 93df      addw:	push	YH
                 		
000044 0fcc      		lsl		YL				; Умножение первого слагаемого на 2
000045 e0d0      		ldi		YH, 0			; Второй байт первого слагаемого = 0
000046 0fec      		add		ZL, YL			; Складываем два слагаемых
000047 1ffd      		adc		ZH, YH
                 
000048 91df      		pop		YH
000049 9508      		ret
                 
                 ;----------------------- Подпрограмма исполнения одной ноты
00004a 93ff      nota:	push	ZH
00004b 93ef      		push	ZL
00004c 93cf      		push	YL
00004d 930f      		push	temp
                 
00004e 3030      		cpi		fnota, 0x00		; Проверка не пауза ли
00004f f051      		breq	nt1				; Если пауза, переходим сразу к задержке
                 
000050 2fc3      		mov		YL, fnota		; Вычисляем адрес, где хранится
000051 e0e8      		ldi		ZL, low(tabkd*2)	; коэффициент деления для текущей ноты
000052 e0f1      		ldi		ZH, high(tabkd*2)
000053 dfef      		rcall	addw			; К подпрограмме 16-разрядного сложения
                 
000054 9105      		lpm		temp, Z+		; Извлекаем мл. разр. КД для текущей ноты
000055 9114      		lpm		temp1, Z		; Извлекаем ст. разр. КД для текущей ноты
000056 bd1b      		out		OCR1AH, temp1	; Записать в старш. часть регистра совпадения
000057 bd0a      		out		OCR1AL, temp	; Записать в младш. часть регистра совпадения
                 
000058 e400      		ldi		temp, 0x40		; Включить звук
000059 bd0f      		out		TCCR1A, temp
                 
00005a d009      nt1:	rcall	wait			; Задержка
                 
00005b e000      		ldi		temp, 0x00		; Выключить звук
00005c bd0f      		out		TCCR1A, temp
                 
00005d e040      		ldi		dnota,0			; Сбрасываем задержку 
00005e d005      		rcall	wait			; Пауза между нотами
                 
00005f 910f      		pop		temp
000060 91cf      		pop		YL
000061 91ef      		pop		ZL
000062 91ff      		pop 	ZH
000063 9508      		ret
                 
                 ;----------------------- Подпрограмма задержки
000064 93ff      wait:	push	ZH
000065 93ef      		push	ZL
000066 93df      		push	YH
000067 93cf      		push	YL
                 
000068 2fc4      		mov		YL, dnota		; Вычисляем адрес, где хранится
000069 efea      		ldi		ZL, low(tabz*2)	; нужный коэффициент задержки
00006a e0f0      		ldi		ZH, high(tabz*2)
00006b dfd7      		rcall	addw			; К подпрограмме 16-разрядного сложения
                 
00006c 91c5      		lpm		YL, Z+			; Читаем первый байт коэффициента задержки
00006d 91d4      		lpm		YH, Z			; Читаем второй байт коэффициента задержки
                 
00006e 27ee      		clr		ZL				; Обнуляем регистровую пару Z
00006f 27ff      		clr		ZH
                 
                 		; Цикл задержки
000070 ef5f      w1:		ldi		loop,255		; Пустой внутренний цикл
000071 955a      w2:		dec		loop
000072 f7f1      		brne 	w2
000073 9631      		adiw	R30, 1			; Увеличение регистровой пары Z на единицу
000074 17ce      		cp		YL, ZL			; Проверка младшего разряда
000075 f7d1      		brne	w1
000076 17df      		cp		YH, ZH			; Проверка старшего разряда
000077 f7c1      		brne	w1
                 
000078 91cf      		pop		YL				; Завершение подпрограммы
000079 91df      		pop		YH
00007a 91ef      		pop		ZL
00007b 91ff      		pop 	ZH
00007c 9508      		ret
                 
                 
                 
                 
                 ;******************************************************
                 ;*                                                    *
                 ;*                Таблица задержек                    *
                 ;*                                                    *
                 ;******************************************************
                 
00007d 0080
00007e 0100
00007f 0200
000080 0400
000081 0800
000082 1000
000083 2000      tabz:   .dw      128,256,512,1024,2048,4096,8192
                 
                 
                 ;******************************************************
                 ;*                                                    *
                 ;*          Таблица коэффициентов деления             *
                 ;*                                                    *
                 ;******************************************************
                 
000084 0000      tabkd:	.dw		0
000085 128c
000086 1180
000087 1084
000088 0f98
000089 0eb8
00008a 0de4
00008b 0d1c
00008c 0c60
00008d 0bae
00008e 0b06
00008f 0a68
000090 09d2      		.dw		4748,4480,4228,3992,3768,3556,3356,3168,2990,2822,2664,2514
000091 0946
000092 08c0
000093 0842
000094 07cc
000095 075c
000096 06f2
000097 068e
000098 0630
000099 05d7
00009a 0583
00009b 0534
00009c 04e9      		.dw		2374,2240,2114,1996,1884,1778,1678,1584,1495,1411,1332,1257
00009d 04a3
00009e 0460
00009f 0421
0000a0 03e6
0000a1 03ae
0000a2 0379
0000a3 0347
0000a4 0318      		.dw		1187,1120,1057, 998, 942, 889, 839, 792
                 
                 
                 ;******************************************************
                 ;*                                                    *
                 ;*            Таблица начал всех мелодий              *
                 ;*                                                    *
                 ;******************************************************
                 
0000a5 0158
0000a6 019c
0000a7 0206
0000a8 0226      tabm:	.dw		mel1*2,mel2*2,mel3*2,mel4*2
0000a9 0244
0000aa 0294
0000ab 0300      		.dw		mel5*2,mel6*2,mel7*2
                 
                 
                 ;******************************************************
                 ;*                                                    *
                 ;*                   Таблица мелодий                  *
                 ;*                                                    *
                 ;******************************************************
                 
                 ;        В траве сидел кузнечик
0000ac 686d
0000ad 686d
0000ae 6c6d
0000af 606c
0000b0 686c      mel1:	.db		109,104,109,104,109,108,108, 96,108,104 
0000b1 686c
0000b2 6d6c
0000b3 606d
0000b4 686d
0000b5 686d      		.db		108,104,108,109,109, 96,109,104,109,104 
0000b6 6c6d
0000b7 606c
0000b8 686c
0000b9 686c
0000ba 8d6c      		.db		109,108,108, 96,108,104,108,104,108,141 
0000bb 6d60
0000bc 4f6f
0000bd 6f4f
0000be 706f
0000bf 5050      		.db		 96,109,111, 79, 79,111,111,112, 80, 80 
0000c0 7070
0000c1 6f70
0000c2 6c6d
0000c3 6d6d
0000c4 6d60      		.db		112,112,112,111,109,108,109,109, 96,109 
0000c5 4f6f
0000c6 6f4f
0000c7 706f
0000c8 5050
0000c9 7070      		.db		111, 79, 79,111,111,112, 80, 80,112,112 
0000ca 6f70
0000cb 6c6d
0000cc 808d
0000cd ff60      		.db		112,111,109,108,141,128, 96,255 
                 
                 ;        Песенка крокодила Гены
0000ce 6e6d
0000cf 668d
0000d0 6968
0000d1 6d66
0000d2 8d6e      mel2:	.db		109,110,141,102,104,105,102,109,110,141 
0000d3 6968
0000d4 686b
0000d5 6e6d
0000d6 688d
0000d7 8b69      		.db		104,105,107,104,109,110,141,104,105,139 
0000d8 6e6d
0000d9 60ad
0000da 7372
0000db 6d92
0000dc 706e      		.db		109,110,173, 96,114,115,146,109,110,112 
0000dd 726d
0000de 9273
0000df 6d6b
0000e0 726e
0000e1 6e70      		.db		109,114,115,146,107,109,110,114,112,110 
0000e2 6d92
0000e3 8869
0000e4 696b
0000e5 8086
0000e6 6680      		.db		146,109,105,136,107,105,134,128,128,102 
0000e7 8969
0000e8 8088
0000e9 6b68
0000ea 898b
0000eb 6980      		.db		105,137,136,128,104,107,139,137,128,105 
0000ec 8d6d
0000ed 808b
0000ee 6d6e
0000ef 70b0
0000f0 6d6c      		.db		109,141,139,128,110,109,176,112,108,109 
0000f1 9070
0000f2 808e
0000f3 6e6b
0000f4 8d8e
0000f5 6980      		.db		112,144,142,128,107,110,142,141,128,105 
0000f6 8b6d
0000f7 ad80
0000f8 8086
0000f9 6d80
0000fa 9070      		.db		109,139,128,173,134,128,128,109,112,144 
0000fb 808e
0000fc 6e6b
0000fd 8d8e
0000fe 6980
0000ff 8b6d      		.db		142,128,107,110,142,141,128,105,109,139 
000100 ad80
000101 8092
000102 ff60      		.db		128,173,146,128, 96,255
                 
                 ;        В лесу родилась елочка
000103 8d84
000104 8b8d
000105 898d
000106 8484
000107 8d84      mel3:	.db		132,141,141,139,141,137,132,132,132,141 
000108 8e8d
000109 b08b
00010a 9080
00010b 9292
00010c 9a9a      		.db		141,142,139,176,128,144,146,146,154,154 
00010d 9799
00010e 9095
00010f 9999
000110 9997
000111 80b5      		.db		153,151,149,144,153,153,151,153,181,128 
000112 ff60      		.db		 96,255
                 
                 ;        Happy births to you
000113 6b6b
000114 8b8d
000115 8f90
000116 6b80
000117 8d6b      mel4:	.db		107,107,141,139,144,143,128,107,107,141
000118 928b
000119 8090
00011a 6b6b
00011b 9497
00011c 7092      		.db		139,146,144,128,107,107,151,148,146,112
00011d 956f
00011e 7575
00011f 9094
000120 9092
000121 ff80      		.db		111,149,117,117,148,144,146,144,128,255
                 
                 ;       С чего начинается родина
000122 af63
000123 6b6d
000124 666a
000125 9063
000126 af6f      mel5:	.db		 99,175,109,107,106,102, 99,144,111,175 
000127 6360
000128 6b6b
000129 6b6b
00012a 6866
00012b 60aa      		.db		 96, 99,107,107,107,107,102,104,170, 96 
00012c 6d63
00012d 6d6d
00012e 6b6d
00012f 8f6a
000130 8d6d      		.db		 99,109,109,109,109,107,106,143,109,141 
000131 6d63
000132 6d6d
000133 686d
000134 ab6a
000135 6360      		.db		 99,109,109,109,109,104,106,171, 96, 99 
000136 6d6f
000137 6a6b
000138 6366
000139 6f90
00013a 688f      		.db		111,109,107,106,102, 99,144,111,143,104 
00013b 7272
00013c 7272
00013d 6f6d
00013e 60b0
00013f 7468      		.db		114,114,114,114,109,111,176, 96,104,116 
000140 6d70
000141 6a6b
000142 4940
000143 6b8f
000144 6383      		.db		112,109,107,106, 64, 73,143,107,131, 99 
000145 5090
000146 7050
000147 406f
000148 ad4b
000149 ff80      		.db		144, 80, 80,112,111, 64, 75,173,128,255
                 
                 ;        Из кинофильма "Веселые ребята"
00014a 6d69
00014b 9570
00014c 4074
00014d 9450
00014e 4072      mel6:	.db		105,109,112,149,116, 64, 80,148,114, 64 
00014f 924e
000150 6070
000151 6969
000152 906d
000153 406f      		.db		 78,146,112, 96,105,105,109,144,111, 64 
000154 9150
000155 4070
000156 b251
000157 7560
000158 7575      		.db		 80,145,112, 64, 81,178, 96,117,117,117 
000159 7495
00015a 5240
00015b 7092
00015c 4f40
00015d 9092      		.db		149,116, 64, 82,146,112, 64, 79,146,144 
00015e 6960
00015f 6b69
000160 6c8d
000161 706d
000162 666e      		.db		 96,105,105,107,141,108,109,112,110,102 
000163 8968
000164 6080
000165 6969
000166 8969
000167 4066      		.db		104,137,128, 96,105,105,105,137,102, 64 
000168 8e49
000169 6b69
00016a 406d
00016b 894b
00016c 6960      		.db		 73,142,105,107,109, 64, 75,137, 96,105 
00016d 6969
00016e 6689
00016f 8e69
000170 4070
000171 b452      		.db		105,105,137,102,105,142,112, 64, 82,180 
000172 7460
000173 7474
000174 7294
000175 8e70
000176 406d      		.db		 96,116,116,116,148,114,112,142,109, 64 
000177 924e
000178 6090
000179 6969
00017a 8d6b
00017b 6d6c      		.db		 78,146,144, 96,105,105,107,141,108,109 
00017c 6e70
00017d 6866
00017e 60a9
00017f ff60      		.db		112,110,102,104,169, 96, 96,255
                 
                 ;        Улыбка
000180 686b
000181 8b8d
000182 6966
000183 6668
000184 80a4      mel7:	.db		107,104,141,139,102,105,104,102,164,128 
000185 6b68
000186 6d6d
000187 6f6d
000188 7072
000189 6d6f      		.db		104,107,109,109,109,111,114,112,111,109 
00018a 8b90
00018b 6d80
00018c 906f
00018d 6f60
00018e 686d      		.db		144,139,128,109,111,144, 96,111,109,104 
00018f 696b
000190 80ad
000191 6d6f
000192 6b70
000193 6d6f      		.db		107,105,173,128,111,109,112,107,111,109 
000194 6b6d
000195 6866
000196 8486
000197 6480
000198 6b67      		.db		109,107,102,104,134,132,128,100,103,107
000199 6b6b
00019a 8b6b
00019b 6470
00019c 6667
00019d 6666      		.db		107,107,107,139,112,100,103,102,102,102 
00019e 6686
00019f 6b67
0001a0 6b69
0001a1 6c6c
0001a2 6c6c      		.db		134,102,103,107,105,107,108,108,108,108 
0001a3 696b
0001a4 6c6b
0001a5 8e90
0001a6 7080
0001a7 6e6b      		.db		107,105,107,108,144,142,128,112,107,110 
0001a8 708c
0001a9 6c69
0001aa 6b6b
0001ab 696b
0001ac 8b8c      		.db		140,112,105,108,107,107,107,105,140,139 
0001ad 708b
0001ae 6667
0001af 6967
0001b0 6b6c
0001b1 6769      		.db		139,112,103,102,103,105,108,107,105,103 
0001b2 7080
0001b3 6e6b
0001b4 6c6c
0001b5 8c6c
0001b6 6970      		.db		128,112,107,110,108,108,108,140,112,105 
0001b7 6b6c
0001b8 6b6b
0001b9 708b
0001ba 6667
0001bb 6967      		.db		108,107,107,107,139,112,103,102,103,105 
0001bc 6b6c
0001bd 6769
0001be 8b69
0001bf 8084
0001c0 6060      		.db		108,107,105,103,105,139,132,128, 96, 96 
0001c1 ff60      		.db		 96,255
                 
                 ;        Огонек
                 ;mel8:	.db		102,105,141,107,105,141, 96,107,171, 96 
                 ;		.db		104,105,139,104,105,166,128,160,109,110 
                 ;		.db		144,110,109,144, 96,110,174,128,110,112 
                 ;		.db		146,112,114,205,117,117,149,116,114,149
                 ;		.db		 96,116,174,128,110,112,146,112,114,205 
                 ;		.db		128,102,105,141,107,105,141, 96,107,171 
                 ;		.db		128,104,105,139,104,105,166,128,128,117 
                 ;		.db		117,149,116,114,149, 96,116,174,128,110
                 ;		.db		112,146,112,114,205,128,102,105,141,107 
                 ;		.db		105,141, 96,107,171,128,104,105,139,104
                 ;		.db		105,166,128,128, 96,255 
                 


RESOURCE USE INFORMATION
------------------------

Notice:
The register and instruction counts are symbol table hit counts,
and hence implicitly used resources are not counted, eg, the
'lpm' instruction without operands implicitly uses r0 and z,
none of which are counted.

x,y,z are separate entities in the symbol table and are
counted separately from r26..r31 here.

.dseg memory usage only counts static data declared with .byte

ATtiny2313 register use summary:
r0 :   0 r1 :   0 r2 :   0 r3 :   0 r4 :   0 r5 :   0 r6 :   0 r7 :   0 
r8 :   0 r9 :   0 r10:   0 r11:   0 r12:   0 r13:   0 r14:   0 r15:   0 
r16:  38 r17:   2 r18:   4 r19:   3 r20:   3 r21:   2 r22:   0 r23:   0 
r24:   0 r25:   0 r26:   2 r27:   2 r28:  11 r29:   8 r30:  12 r31:  11 
x  :   0 y  :   0 z  :   8 
Registers used: 13 out of 35 (37.1%)

ATtiny2313 instruction use summary:
adc   :   1 add   :   1 adiw  :   1 and   :   0 andi  :   2 asr   :   0 
bclr  :   0 bld   :   0 brbc  :   0 brbs  :   0 brcc  :   1 brcs  :   0 
break :   0 breq  :   3 brge  :   0 brhc  :   0 brhs  :   0 brid  :   0 
brie  :   0 brlo  :   0 brlt  :   0 brmi  :   0 brne  :   4 brpl  :   0 
brsh  :   0 brtc  :   0 brts  :   0 brvc  :   0 brvs  :   0 bset  :   0 
bst   :   0 cbi   :   0 cbr   :   0 clc   :   0 clh   :   0 cli   :   0 
cln   :   0 clr   :   3 cls   :   0 clt   :   0 clv   :   0 clz   :   0 
com   :   0 cp    :   2 cpc   :   0 cpi   :   4 cpse  :   0 dec   :   1 
eor   :   0 icall :   0 ijmp  :   0 in    :   2 inc   :   1 ld    :   0 
ldd   :   0 ldi   :  18 lds   :   0 lpm   :   8 lsl   :   1 lsr   :   1 
mov   :   7 movw  :   0 neg   :   0 nop   :   0 or    :   0 ori   :   0 
out   :  12 pop   :   9 push  :   9 rcall :   6 ret   :   3 reti  :  18 
rjmp  :   3 rol   :   4 ror   :   0 sbc   :   0 sbci  :   0 sbi   :   0 
sbic  :   0 sbis  :   0 sbiw  :   0 sbr   :   0 sbrc  :   0 sbrs  :   0 
sec   :   0 seh   :   0 sei   :   0 sen   :   0 ser   :   0 ses   :   0 
set   :   0 sev   :   0 sez   :   0 sleep :   0 spm   :   0 st    :   0 
std   :   0 sts   :   0 sub   :   0 subi  :   0 swap  :   0 tst   :   0 
wdr   :   0 
Instructions used: 26 out of 103 (25.2%)

ATtiny2313 memory use summary [bytes]:
Segment   Begin    End      Code   Data   Used    Size   Use%
---------------------------------------------------------------
[.cseg] 0x000000 0x000384    250    650    900    2048  43.9%
[.dseg] 0x000060 0x000060      0      0      0     128   0.0%
[.eseg] 0x000000 0x000000      0      0      0     128   0.0%

Assembly complete, 0 errors, 0 warnings
